Archive member included because of file (symbol)

d:/aya/downloads/eclipse/sdk_win_64/sdk_win_64/winavr/bin/../lib/gcc/avr/4.3.3/avr5\libgcc.a(_mulsi3.o)
                              ./MCAL/TIMER/TIMER0/TIMER0_prog.o (__mulsi3)
d:/aya/downloads/eclipse/sdk_win_64/sdk_win_64/winavr/bin/../lib/gcc/avr/4.3.3/avr5\libgcc.a(_udivmodsi4.o)
                              ./MCAL/TIMER/TIMER0/TIMER0_prog.o (__udivmodsi4)
d:/aya/downloads/eclipse/sdk_win_64/sdk_win_64/winavr/bin/../lib/gcc/avr/4.3.3/avr5\libgcc.a(_exit.o)
                              d:/aya/downloads/eclipse/sdk_win_64/sdk_win_64/winavr/bin/../lib/gcc/avr/4.3.3/../../../../avr/lib/avr5/crtm16.o (exit)
d:/aya/downloads/eclipse/sdk_win_64/sdk_win_64/winavr/bin/../lib/gcc/avr/4.3.3/avr5\libgcc.a(_copy_data.o)
                              ./MCAL/TIMER/TIMER0/TIMER0_prog.o (__do_copy_data)
d:/aya/downloads/eclipse/sdk_win_64/sdk_win_64/winavr/bin/../lib/gcc/avr/4.3.3/avr5\libgcc.a(_clear_bss.o)
                              ./MCAL/TIMER/TIMER1/TIMER1_prog.o (__do_clear_bss)
d:/aya/downloads/eclipse/sdk_win_64/sdk_win_64/winavr/bin/../lib/gcc/avr/4.3.3/avr5\libgcc.a(_fixunssfsi.o)
                              ./MCAL/TIMER/TIMER0/TIMER0_prog.o (__fixunssfsi)
d:/aya/downloads/eclipse/sdk_win_64/sdk_win_64/winavr/bin/../lib/gcc/avr/4.3.3/avr5\libgcc.a(_addsub_sf.o)
                              ./MCAL/TIMER/TIMER0/TIMER0_prog.o (__subsf3)
d:/aya/downloads/eclipse/sdk_win_64/sdk_win_64/winavr/bin/../lib/gcc/avr/4.3.3/avr5\libgcc.a(_mul_sf.o)
                              ./MCAL/TIMER/TIMER0/TIMER0_prog.o (__mulsf3)
d:/aya/downloads/eclipse/sdk_win_64/sdk_win_64/winavr/bin/../lib/gcc/avr/4.3.3/avr5\libgcc.a(_div_sf.o)
                              ./MCAL/TIMER/TIMER0/TIMER0_prog.o (__divsf3)
d:/aya/downloads/eclipse/sdk_win_64/sdk_win_64/winavr/bin/../lib/gcc/avr/4.3.3/avr5\libgcc.a(_ne_sf.o)
                              ./MCAL/TIMER/TIMER0/TIMER0_prog.o (__nesf2)
d:/aya/downloads/eclipse/sdk_win_64/sdk_win_64/winavr/bin/../lib/gcc/avr/4.3.3/avr5\libgcc.a(_gt_sf.o)
                              ./HAL/LCD/LCD_prog.o (__gtsf2)
d:/aya/downloads/eclipse/sdk_win_64/sdk_win_64/winavr/bin/../lib/gcc/avr/4.3.3/avr5\libgcc.a(_ge_sf.o)
                              d:/aya/downloads/eclipse/sdk_win_64/sdk_win_64/winavr/bin/../lib/gcc/avr/4.3.3/avr5\libgcc.a(_fixunssfsi.o) (__gesf2)
d:/aya/downloads/eclipse/sdk_win_64/sdk_win_64/winavr/bin/../lib/gcc/avr/4.3.3/avr5\libgcc.a(_lt_sf.o)
                              ./HAL/LCD/LCD_prog.o (__ltsf2)
d:/aya/downloads/eclipse/sdk_win_64/sdk_win_64/winavr/bin/../lib/gcc/avr/4.3.3/avr5\libgcc.a(_sf_to_si.o)
                              d:/aya/downloads/eclipse/sdk_win_64/sdk_win_64/winavr/bin/../lib/gcc/avr/4.3.3/avr5\libgcc.a(_fixunssfsi.o) (__fixsfsi)
d:/aya/downloads/eclipse/sdk_win_64/sdk_win_64/winavr/bin/../lib/gcc/avr/4.3.3/avr5\libgcc.a(_thenan_sf.o)
                              d:/aya/downloads/eclipse/sdk_win_64/sdk_win_64/winavr/bin/../lib/gcc/avr/4.3.3/avr5\libgcc.a(_addsub_sf.o) (__thenan_sf)
d:/aya/downloads/eclipse/sdk_win_64/sdk_win_64/winavr/bin/../lib/gcc/avr/4.3.3/avr5\libgcc.a(_usi_to_sf.o)
                              ./MCAL/TIMER/TIMER0/TIMER0_prog.o (__floatunsisf)
d:/aya/downloads/eclipse/sdk_win_64/sdk_win_64/winavr/bin/../lib/gcc/avr/4.3.3/avr5\libgcc.a(_prologue.o)
                              d:/aya/downloads/eclipse/sdk_win_64/sdk_win_64/winavr/bin/../lib/gcc/avr/4.3.3/avr5\libgcc.a(_addsub_sf.o) (__prologue_saves__)
d:/aya/downloads/eclipse/sdk_win_64/sdk_win_64/winavr/bin/../lib/gcc/avr/4.3.3/avr5\libgcc.a(_epilogue.o)
                              d:/aya/downloads/eclipse/sdk_win_64/sdk_win_64/winavr/bin/../lib/gcc/avr/4.3.3/avr5\libgcc.a(_addsub_sf.o) (__epilogue_restores__)
d:/aya/downloads/eclipse/sdk_win_64/sdk_win_64/winavr/bin/../lib/gcc/avr/4.3.3/avr5\libgcc.a(_clzsi2.o)
                              d:/aya/downloads/eclipse/sdk_win_64/sdk_win_64/winavr/bin/../lib/gcc/avr/4.3.3/avr5\libgcc.a(_usi_to_sf.o) (__clzsi2)
d:/aya/downloads/eclipse/sdk_win_64/sdk_win_64/winavr/bin/../lib/gcc/avr/4.3.3/avr5\libgcc.a(_pack_sf.o)
                              d:/aya/downloads/eclipse/sdk_win_64/sdk_win_64/winavr/bin/../lib/gcc/avr/4.3.3/avr5\libgcc.a(_addsub_sf.o) (__pack_f)
d:/aya/downloads/eclipse/sdk_win_64/sdk_win_64/winavr/bin/../lib/gcc/avr/4.3.3/avr5\libgcc.a(_unpack_sf.o)
                              d:/aya/downloads/eclipse/sdk_win_64/sdk_win_64/winavr/bin/../lib/gcc/avr/4.3.3/avr5\libgcc.a(_addsub_sf.o) (__unpack_f)
d:/aya/downloads/eclipse/sdk_win_64/sdk_win_64/winavr/bin/../lib/gcc/avr/4.3.3/avr5\libgcc.a(_fpcmp_parts_sf.o)
                              d:/aya/downloads/eclipse/sdk_win_64/sdk_win_64/winavr/bin/../lib/gcc/avr/4.3.3/avr5\libgcc.a(_ne_sf.o) (__fpcmp_parts_f)
d:/aya/downloads/eclipse/sdk_win_64/sdk_win_64/winavr/bin/../lib/gcc/avr/4.3.3/avr5\libgcc.a(_clz.o)
                              d:/aya/downloads/eclipse/sdk_win_64/sdk_win_64/winavr/bin/../lib/gcc/avr/4.3.3/avr5\libgcc.a(_clzsi2.o) (__clz_tab)

Memory Configuration

Name             Origin             Length             Attributes
text             0x00000000         0x00020000         xr
data             0x00800060         0x0000ffa0         rw !x
eeprom           0x00810000         0x00010000         rw !x
fuse             0x00820000         0x00000400         rw !x
lock             0x00830000         0x00000400         rw !x
signature        0x00840000         0x00000400         rw !x
*default*        0x00000000         0xffffffff

Linker script and memory map

LOAD d:/aya/downloads/eclipse/sdk_win_64/sdk_win_64/winavr/bin/../lib/gcc/avr/4.3.3/../../../../avr/lib/avr5/crtm16.o
LOAD ./MCAL/USART/USART_prog.o
LOAD ./MCAL/TIMER/WATCHDOG/WDT_prog.o
LOAD ./MCAL/TIMER/TIMER1/TIMER1_prog.o
LOAD ./MCAL/TIMER/TIMER0/TIMER0_prog.o
LOAD ./MCAL/TIMER/ICU_HW/ICU_HW_prog.o
LOAD ./MCAL/SPI/SPI_prog.o
LOAD ./MCAL/GIE/GIE_prog.o
LOAD ./MCAL/EINT/INT_config.o
LOAD ./MCAL/EINT/INT_prog.o
LOAD ./MCAL/DIO/DIO_prog.o
LOAD ./MCAL/ADC/ADC_prog.o
LOAD ./HAL/SWITCH/Switch_config.o
LOAD ./HAL/SWITCH/Switch_prog.o
LOAD ./HAL/LM35/LM35_config.o
LOAD ./HAL/LM35/LM35_prog.o
LOAD ./HAL/LCD/LCD_prog.o
LOAD ./APP/main.o
LOAD d:/aya/downloads/eclipse/sdk_win_64/sdk_win_64/winavr/bin/../lib/gcc/avr/4.3.3/avr5\libgcc.a
LOAD d:/aya/downloads/eclipse/sdk_win_64/sdk_win_64/winavr/bin/../lib/gcc/avr/4.3.3/../../../../avr/lib/avr5\libc.a
LOAD d:/aya/downloads/eclipse/sdk_win_64/sdk_win_64/winavr/bin/../lib/gcc/avr/4.3.3/avr5\libgcc.a

.hash
 *(.hash)

.dynsym
 *(.dynsym)

.dynstr
 *(.dynstr)

.gnu.version
 *(.gnu.version)

.gnu.version_d
 *(.gnu.version_d)

.gnu.version_r
 *(.gnu.version_r)

.rel.init
 *(.rel.init)

.rela.init
 *(.rela.init)

.rel.text
 *(.rel.text)
 *(.rel.text.*)
 *(.rel.gnu.linkonce.t*)

.rela.text
 *(.rela.text)
 *(.rela.text.*)
 *(.rela.gnu.linkonce.t*)

.rel.fini
 *(.rel.fini)

.rela.fini
 *(.rela.fini)

.rel.rodata
 *(.rel.rodata)
 *(.rel.rodata.*)
 *(.rel.gnu.linkonce.r*)

.rela.rodata
 *(.rela.rodata)
 *(.rela.rodata.*)
 *(.rela.gnu.linkonce.r*)

.rel.data
 *(.rel.data)
 *(.rel.data.*)
 *(.rel.gnu.linkonce.d*)

.rela.data
 *(.rela.data)
 *(.rela.data.*)
 *(.rela.gnu.linkonce.d*)

.rel.ctors
 *(.rel.ctors)

.rela.ctors
 *(.rela.ctors)

.rel.dtors
 *(.rel.dtors)

.rela.dtors
 *(.rela.dtors)

.rel.got
 *(.rel.got)

.rela.got
 *(.rela.got)

.rel.bss
 *(.rel.bss)

.rela.bss
 *(.rela.bss)

.rel.plt
 *(.rel.plt)

.rela.plt
 *(.rela.plt)

.text           0x00000000     0x486c
 *(.vectors)
 .vectors       0x00000000       0x54 d:/aya/downloads/eclipse/sdk_win_64/sdk_win_64/winavr/bin/../lib/gcc/avr/4.3.3/../../../../avr/lib/avr5/crtm16.o
                0x00000000                __vectors
                0x00000000                __vector_default
 *(.vectors)
 *(.progmem.gcc*)
 *(.progmem*)
                0x00000054                . = ALIGN (0x2)
                0x00000054                __trampolines_start = .
 *(.trampolines)
 .trampolines   0x00000054        0x0 linker stubs
 *(.trampolines*)
                0x00000054                __trampolines_end = .
 *(.jumptables)
 *(.jumptables*)
 *(.lowtext)
 *(.lowtext*)
                0x00000054                __ctors_start = .
 *(.ctors)
                0x00000054                __ctors_end = .
                0x00000054                __dtors_start = .
 *(.dtors)
                0x00000054                __dtors_end = .
 SORT(*)(.ctors)
 SORT(*)(.dtors)
 *(.init0)
 .init0         0x00000054        0x0 d:/aya/downloads/eclipse/sdk_win_64/sdk_win_64/winavr/bin/../lib/gcc/avr/4.3.3/../../../../avr/lib/avr5/crtm16.o
                0x00000054                __init
 *(.init0)
 *(.init1)
 *(.init1)
 *(.init2)
 .init2         0x00000054        0xc d:/aya/downloads/eclipse/sdk_win_64/sdk_win_64/winavr/bin/../lib/gcc/avr/4.3.3/../../../../avr/lib/avr5/crtm16.o
 *(.init2)
 *(.init3)
 *(.init3)
 *(.init4)
 .init4         0x00000060       0x16 d:/aya/downloads/eclipse/sdk_win_64/sdk_win_64/winavr/bin/../lib/gcc/avr/4.3.3/avr5\libgcc.a(_copy_data.o)
                0x00000060                __do_copy_data
 .init4         0x00000076       0x10 d:/aya/downloads/eclipse/sdk_win_64/sdk_win_64/winavr/bin/../lib/gcc/avr/4.3.3/avr5\libgcc.a(_clear_bss.o)
                0x00000076                __do_clear_bss
 *(.init4)
 *(.init5)
 *(.init5)
 *(.init6)
 *(.init6)
 *(.init7)
 *(.init7)
 *(.init8)
 *(.init8)
 *(.init9)
 .init9         0x00000086        0x8 d:/aya/downloads/eclipse/sdk_win_64/sdk_win_64/winavr/bin/../lib/gcc/avr/4.3.3/../../../../avr/lib/avr5/crtm16.o
 *(.init9)
 *(.text)
 .text          0x0000008e        0x4 d:/aya/downloads/eclipse/sdk_win_64/sdk_win_64/winavr/bin/../lib/gcc/avr/4.3.3/../../../../avr/lib/avr5/crtm16.o
                0x0000008e                __vector_12
                0x0000008e                __bad_interrupt
                0x0000008e                __vector_13
                0x0000008e                __vector_17
                0x0000008e                __vector_19
                0x0000008e                __vector_5
                0x0000008e                __vector_4
                0x0000008e                __vector_15
                0x0000008e                __vector_14
                0x0000008e                __vector_18
                0x0000008e                __vector_20
 .text          0x00000092        0x0 ./MCAL/USART/USART_prog.o
 .text          0x00000092        0x0 ./MCAL/TIMER/WATCHDOG/WDT_prog.o
 .text          0x00000092        0x0 ./MCAL/TIMER/TIMER1/TIMER1_prog.o
 .text          0x00000092        0x0 ./MCAL/TIMER/TIMER0/TIMER0_prog.o
 .text          0x00000092        0x0 ./MCAL/TIMER/ICU_HW/ICU_HW_prog.o
 .text          0x00000092        0x0 ./MCAL/SPI/SPI_prog.o
 .text          0x00000092        0x0 ./MCAL/GIE/GIE_prog.o
 .text          0x00000092        0x0 ./MCAL/EINT/INT_config.o
 .text          0x00000092        0x0 ./MCAL/EINT/INT_prog.o
 .text          0x00000092        0x0 ./MCAL/DIO/DIO_prog.o
 .text          0x00000092        0x0 ./MCAL/ADC/ADC_prog.o
 .text          0x00000092        0x0 ./HAL/SWITCH/Switch_config.o
 .text          0x00000092        0x0 ./HAL/SWITCH/Switch_prog.o
 .text          0x00000092        0x0 ./HAL/LM35/LM35_config.o
 .text          0x00000092        0x0 ./HAL/LM35/LM35_prog.o
 .text          0x00000092        0x0 ./HAL/LCD/LCD_prog.o
 .text          0x00000092        0x0 ./APP/main.o
 .text          0x00000092        0x0 d:/aya/downloads/eclipse/sdk_win_64/sdk_win_64/winavr/bin/../lib/gcc/avr/4.3.3/avr5\libgcc.a(_mulsi3.o)
 .text          0x00000092        0x0 d:/aya/downloads/eclipse/sdk_win_64/sdk_win_64/winavr/bin/../lib/gcc/avr/4.3.3/avr5\libgcc.a(_udivmodsi4.o)
 .text          0x00000092        0x0 d:/aya/downloads/eclipse/sdk_win_64/sdk_win_64/winavr/bin/../lib/gcc/avr/4.3.3/avr5\libgcc.a(_exit.o)
 .text          0x00000092        0x0 d:/aya/downloads/eclipse/sdk_win_64/sdk_win_64/winavr/bin/../lib/gcc/avr/4.3.3/avr5\libgcc.a(_copy_data.o)
 .text          0x00000092        0x0 d:/aya/downloads/eclipse/sdk_win_64/sdk_win_64/winavr/bin/../lib/gcc/avr/4.3.3/avr5\libgcc.a(_clear_bss.o)
 .text          0x00000092       0x58 d:/aya/downloads/eclipse/sdk_win_64/sdk_win_64/winavr/bin/../lib/gcc/avr/4.3.3/avr5\libgcc.a(_fixunssfsi.o)
                0x00000092                __fixunssfsi
 .text          0x000000ea      0x354 d:/aya/downloads/eclipse/sdk_win_64/sdk_win_64/winavr/bin/../lib/gcc/avr/4.3.3/avr5\libgcc.a(_addsub_sf.o)
                0x00000382                __subsf3
                0x000003e4                __addsf3
 .text          0x0000043e      0x1f4 d:/aya/downloads/eclipse/sdk_win_64/sdk_win_64/winavr/bin/../lib/gcc/avr/4.3.3/avr5\libgcc.a(_mul_sf.o)
                0x0000043e                __mulsf3
 .text          0x00000632      0x158 d:/aya/downloads/eclipse/sdk_win_64/sdk_win_64/winavr/bin/../lib/gcc/avr/4.3.3/avr5\libgcc.a(_div_sf.o)
                0x00000632                __divsf3
 .text          0x0000078a       0x60 d:/aya/downloads/eclipse/sdk_win_64/sdk_win_64/winavr/bin/../lib/gcc/avr/4.3.3/avr5\libgcc.a(_ne_sf.o)
                0x0000078a                __nesf2
 .text          0x000007ea       0x60 d:/aya/downloads/eclipse/sdk_win_64/sdk_win_64/winavr/bin/../lib/gcc/avr/4.3.3/avr5\libgcc.a(_gt_sf.o)
                0x000007ea                __gtsf2
 .text          0x0000084a       0x60 d:/aya/downloads/eclipse/sdk_win_64/sdk_win_64/winavr/bin/../lib/gcc/avr/4.3.3/avr5\libgcc.a(_ge_sf.o)
                0x0000084a                __gesf2
 .text          0x000008aa       0x60 d:/aya/downloads/eclipse/sdk_win_64/sdk_win_64/winavr/bin/../lib/gcc/avr/4.3.3/avr5\libgcc.a(_lt_sf.o)
                0x000008aa                __ltsf2
 .text          0x0000090a       0xa8 d:/aya/downloads/eclipse/sdk_win_64/sdk_win_64/winavr/bin/../lib/gcc/avr/4.3.3/avr5\libgcc.a(_sf_to_si.o)
                0x0000090a                __fixsfsi
 .text          0x000009b2        0x0 d:/aya/downloads/eclipse/sdk_win_64/sdk_win_64/winavr/bin/../lib/gcc/avr/4.3.3/avr5\libgcc.a(_thenan_sf.o)
 .text          0x000009b2       0xf2 d:/aya/downloads/eclipse/sdk_win_64/sdk_win_64/winavr/bin/../lib/gcc/avr/4.3.3/avr5\libgcc.a(_usi_to_sf.o)
                0x000009b2                __floatunsisf
 .text          0x00000aa4        0x0 d:/aya/downloads/eclipse/sdk_win_64/sdk_win_64/winavr/bin/../lib/gcc/avr/4.3.3/avr5\libgcc.a(_prologue.o)
 .text          0x00000aa4        0x0 d:/aya/downloads/eclipse/sdk_win_64/sdk_win_64/winavr/bin/../lib/gcc/avr/4.3.3/avr5\libgcc.a(_epilogue.o)
 .text          0x00000aa4       0x9e d:/aya/downloads/eclipse/sdk_win_64/sdk_win_64/winavr/bin/../lib/gcc/avr/4.3.3/avr5\libgcc.a(_clzsi2.o)
                0x00000aa4                __clzsi2
 .text          0x00000b42      0x1aa d:/aya/downloads/eclipse/sdk_win_64/sdk_win_64/winavr/bin/../lib/gcc/avr/4.3.3/avr5\libgcc.a(_pack_sf.o)
                0x00000b42                __pack_f
 .text          0x00000cec       0xf0 d:/aya/downloads/eclipse/sdk_win_64/sdk_win_64/winavr/bin/../lib/gcc/avr/4.3.3/avr5\libgcc.a(_unpack_sf.o)
                0x00000cec                __unpack_f
 .text          0x00000ddc       0xb2 d:/aya/downloads/eclipse/sdk_win_64/sdk_win_64/winavr/bin/../lib/gcc/avr/4.3.3/avr5\libgcc.a(_fpcmp_parts_sf.o)
                0x00000ddc                __fpcmp_parts_f
 .text          0x00000e8e        0x0 d:/aya/downloads/eclipse/sdk_win_64/sdk_win_64/winavr/bin/../lib/gcc/avr/4.3.3/avr5\libgcc.a(_clz.o)
                0x00000e8e                . = ALIGN (0x2)
 *(.text.*)
 .text.USART_enuInit
                0x00000e8e       0xb4 ./MCAL/USART/USART_prog.o
                0x00000e8e                USART_enuInit
 .text.USART_enuSendChar
                0x00000f42       0x38 ./MCAL/USART/USART_prog.o
                0x00000f42                USART_enuSendChar
 .text.USART_enuRecieveChar
                0x00000f7a       0x48 ./MCAL/USART/USART_prog.o
                0x00000f7a                USART_enuRecieveChar
 .text.USART_enuSendString
                0x00000fc2       0x58 ./MCAL/USART/USART_prog.o
                0x00000fc2                USART_enuSendString
 .text.USART_enuRecieveString
                0x0000101a       0x8a ./MCAL/USART/USART_prog.o
                0x0000101a                USART_enuRecieveString
 .text.USART_enuTransmit
                0x000010a4       0x66 ./MCAL/USART/USART_prog.o
                0x000010a4                USART_enuTransmit
 .text.USART_enuRecieve
                0x0000110a       0x66 ./MCAL/USART/USART_prog.o
                0x0000110a                USART_enuRecieve
 .text.USART_enuEnableTransmitter
                0x00001170       0x28 ./MCAL/USART/USART_prog.o
                0x00001170                USART_enuEnableTransmitter
 .text.USART_enuEnableReceiver
                0x00001198       0x28 ./MCAL/USART/USART_prog.o
                0x00001198                USART_enuEnableReceiver
 .text.WDT_enuSleep
                0x000011c0       0x48 ./MCAL/TIMER/WATCHDOG/WDT_prog.o
                0x000011c0                WDT_enuSleep
 .text.WDT_enuEnable
                0x00001208       0x28 ./MCAL/TIMER/WATCHDOG/WDT_prog.o
                0x00001208                WDT_enuEnable
 .text.WDT_enuDisable
                0x00001230       0x2e ./MCAL/TIMER/WATCHDOG/WDT_prog.o
                0x00001230                WDT_enuDisable
 .text.TIMER1_enuInit
                0x0000125e       0xb8 ./MCAL/TIMER/TIMER1/TIMER1_prog.o
                0x0000125e                TIMER1_enuInit
 .text.TIMER1_enuSetChannelACTC
                0x00001316       0x30 ./MCAL/TIMER/TIMER1/TIMER1_prog.o
                0x00001316                TIMER1_enuSetChannelACTC
 .text.TIMER1_enuSetChannelBCTC
                0x00001346       0x30 ./MCAL/TIMER/TIMER1/TIMER1_prog.o
                0x00001346                TIMER1_enuSetChannelBCTC
 .text.TIMER1_enuSetICR
                0x00001376       0x30 ./MCAL/TIMER/TIMER1/TIMER1_prog.o
                0x00001376                TIMER1_enuSetICR
 .text.TIMER1_enuSetTimerValue
                0x000013a6       0x30 ./MCAL/TIMER/TIMER1/TIMER1_prog.o
                0x000013a6                TIMER1_enuSetTimerValue
 .text.TIMER1_enuReadTimerValue
                0x000013d6       0x42 ./MCAL/TIMER/TIMER1/TIMER1_prog.o
                0x000013d6                TIMER1_enuReadTimerValue
 .text.TIMER1_enuCallBack
                0x00001418       0xca ./MCAL/TIMER/TIMER1/TIMER1_prog.o
                0x00001418                TIMER1_enuCallBack
 .text.__vector_7
                0x000014e2       0x6e ./MCAL/TIMER/TIMER1/TIMER1_prog.o
                0x000014e2                __vector_7
 .text.__vector_8
                0x00001550       0x6e ./MCAL/TIMER/TIMER1/TIMER1_prog.o
                0x00001550                __vector_8
 .text.__vector_9
                0x000015be       0x6e ./MCAL/TIMER/TIMER1/TIMER1_prog.o
                0x000015be                __vector_9
 .text.TIMER0_enuInit
                0x0000162c       0x80 ./MCAL/TIMER/TIMER0/TIMER0_prog.o
                0x0000162c                TIMER0_enuInit
 .text.TIMER0_enuSetCTC
                0x000016ac       0x26 ./MCAL/TIMER/TIMER0/TIMER0_prog.o
                0x000016ac                TIMER0_enuSetCTC
 .text.TIMER0_enuSetPreload
                0x000016d2       0x26 ./MCAL/TIMER/TIMER0/TIMER0_prog.o
                0x000016d2                TIMER0_enuSetPreload
 .text.TIMER0_enuDelayMilliSecond
                0x000016f8       0x52 ./MCAL/TIMER/TIMER0/TIMER0_prog.o
                0x000016f8                TIMER0_enuDelayMilliSecond
 .text.TIMER0_enuGeneratePWM
                0x0000174a       0x1a ./MCAL/TIMER/TIMER0/TIMER0_prog.o
                0x0000174a                TIMER0_enuGeneratePWM
 .text.TIMER0_enuCallBackOVF
                0x00001764       0x54 ./MCAL/TIMER/TIMER0/TIMER0_prog.o
                0x00001764                TIMER0_enuCallBackOVF
 .text.TIMER0_enuCallBackCTC
                0x000017b8       0x54 ./MCAL/TIMER/TIMER0/TIMER0_prog.o
                0x000017b8                TIMER0_enuCallBackCTC
 .text.TIMER0_enuEnableOVFINTERRUPT
                0x0000180c       0x28 ./MCAL/TIMER/TIMER0/TIMER0_prog.o
                0x0000180c                TIMER0_enuEnableOVFINTERRUPT
 .text.TIMER0_enuEnableCTCINTERRUPT
                0x00001834       0x28 ./MCAL/TIMER/TIMER0/TIMER0_prog.o
                0x00001834                TIMER0_enuEnableCTCINTERRUPT
 .text.TIMER0_enuSetAsychDelay
                0x0000185c      0x1d4 ./MCAL/TIMER/TIMER0/TIMER0_prog.o
                0x0000185c                TIMER0_enuSetAsychDelay
 .text.TIMER0_enuSetSychDelay
                0x00001a30      0x1fc ./MCAL/TIMER/TIMER0/TIMER0_prog.o
                0x00001a30                TIMER0_enuSetSychDelay
 .text.__vector_11
                0x00001c2c      0x1b6 ./MCAL/TIMER/TIMER0/TIMER0_prog.o
                0x00001c2c                __vector_11
 .text.__vector_10
                0x00001de2       0x6e ./MCAL/TIMER/TIMER0/TIMER0_prog.o
                0x00001de2                __vector_10
 .text.ICU_enuInit
                0x00001e50       0x28 ./MCAL/TIMER/ICU_HW/ICU_HW_prog.o
                0x00001e50                ICU_enuInit
 .text.ICU_enuEnableINTERRUPT
                0x00001e78       0x28 ./MCAL/TIMER/ICU_HW/ICU_HW_prog.o
                0x00001e78                ICU_enuEnableINTERRUPT
 .text.ICU_enuDisableINTERRUPT
                0x00001ea0       0x28 ./MCAL/TIMER/ICU_HW/ICU_HW_prog.o
                0x00001ea0                ICU_enuDisableINTERRUPT
 .text.ICU_enuSetTriggerEdge
                0x00001ec8       0x52 ./MCAL/TIMER/ICU_HW/ICU_HW_prog.o
                0x00001ec8                ICU_enuSetTriggerEdge
 .text.ICU_enuReadInputCapture
                0x00001f1a       0x34 ./MCAL/TIMER/ICU_HW/ICU_HW_prog.o
                0x00001f1a                ICU_enuReadInputCapture
 .text.ICU_enuCallBack
                0x00001f4e       0x54 ./MCAL/TIMER/ICU_HW/ICU_HW_prog.o
                0x00001f4e                ICU_enuCallBack
 .text.__vector_6
                0x00001fa2       0x6e ./MCAL/TIMER/ICU_HW/ICU_HW_prog.o
                0x00001fa2                __vector_6
 .text.GIE_enuEnable
                0x00002010       0x28 ./MCAL/GIE/GIE_prog.o
                0x00002010                GIE_enuEnable
 .text.GIE_enuDisable
                0x00002038       0x28 ./MCAL/GIE/GIE_prog.o
                0x00002038                GIE_enuDisable
 .text.EINT_enuInit
                0x00002060      0x2c0 ./MCAL/EINT/INT_prog.o
                0x00002060                EINT_enuInit
 .text.EINT_enuEnableINT
                0x00002320       0x8c ./MCAL/EINT/INT_prog.o
                0x00002320                EINT_enuEnableINT
 .text.EINT_enuDisableINT
                0x000023ac       0x8c ./MCAL/EINT/INT_prog.o
                0x000023ac                EINT_enuDisableINT
 .text.EINT_enuSelectSenceLevel
                0x00002438      0x220 ./MCAL/EINT/INT_prog.o
                0x00002438                EINT_enuSelectSenceLevel
 .text.EINT_enuCallBack
                0x00002658       0x7c ./MCAL/EINT/INT_prog.o
                0x00002658                EINT_enuCallBack
 .text.__vector_1
                0x000026d4       0x6e ./MCAL/EINT/INT_prog.o
                0x000026d4                __vector_1
 .text.__vector_2
                0x00002742       0x6e ./MCAL/EINT/INT_prog.o
                0x00002742                __vector_2
 .text.__vector_3
                0x000027b0       0x6e ./MCAL/EINT/INT_prog.o
                0x000027b0                __vector_3
 .text.DIO_enuInit
                0x0000281e       0x58 ./MCAL/DIO/DIO_prog.o
                0x0000281e                DIO_enuInit
 .text.DIO_enuSetPortDirection
                0x00002876       0x9a ./MCAL/DIO/DIO_prog.o
                0x00002876                DIO_enuSetPortDirection
 .text.DIO_enuSetPortValue
                0x00002910       0x9a ./MCAL/DIO/DIO_prog.o
                0x00002910                DIO_enuSetPortValue
 .text.DIO_enuTogPortValue
                0x000029aa       0xae ./MCAL/DIO/DIO_prog.o
                0x000029aa                DIO_enuTogPortValue
 .text.DIO_enuGetPortValue
                0x00002a58       0xba ./MCAL/DIO/DIO_prog.o
                0x00002a58                DIO_enuGetPortValue
 .text.DIO_enuSetPinDirection
                0x00002b12      0x1d8 ./MCAL/DIO/DIO_prog.o
                0x00002b12                DIO_enuSetPinDirection
 .text.DIO_enuSetPinValue
                0x00002cea      0x1d8 ./MCAL/DIO/DIO_prog.o
                0x00002cea                DIO_enuSetPinValue
 .text.DIO_enuTogPinValue
                0x00002ec2      0x11c ./MCAL/DIO/DIO_prog.o
                0x00002ec2                DIO_enuTogPinValue
 .text.DIO_enuGetPinValue
                0x00002fde      0x138 ./MCAL/DIO/DIO_prog.o
                0x00002fde                DIO_enuGetPinValue
 .text.ADC_enuInit
                0x00003116       0x76 ./MCAL/ADC/ADC_prog.o
                0x00003116                ADC_enuInit
 .text.ADC_enuStartConversion
                0x0000318c       0x28 ./MCAL/ADC/ADC_prog.o
                0x0000318c                ADC_enuStartConversion
 .text.ADC_enuPollingSystem
                0x000031b4       0x3e ./MCAL/ADC/ADC_prog.o
                0x000031b4                ADC_enuPollingSystem
 .text.ADC_enuReadHighValue
                0x000031f2       0x30 ./MCAL/ADC/ADC_prog.o
                0x000031f2                ADC_enuReadHighValue
 .text.ADC_enuRead
                0x00003222       0x64 ./MCAL/ADC/ADC_prog.o
                0x00003222                ADC_enuRead
 .text.ADC_enuCallBack
                0x00003286       0x54 ./MCAL/ADC/ADC_prog.o
                0x00003286                ADC_enuCallBack
 .text.ADC_enuSelectChannel
                0x000032da       0x48 ./MCAL/ADC/ADC_prog.o
                0x000032da                ADC_enuSelectChannel
 .text.ADC_enuEnableTriggeringMode
                0x00003322      0x234 ./MCAL/ADC/ADC_prog.o
                0x00003322                ADC_enuEnableTriggeringMode
 .text.ADC_enuDisableTriggeringMode
                0x00003556       0x28 ./MCAL/ADC/ADC_prog.o
                0x00003556                ADC_enuDisableTriggeringMode
 .text.ADC_enuEnableInterruptMode
                0x0000357e       0x28 ./MCAL/ADC/ADC_prog.o
                0x0000357e                ADC_enuEnableInterruptMode
 .text.ADC_enuDisableInterruptMode
                0x000035a6       0x28 ./MCAL/ADC/ADC_prog.o
                0x000035a6                ADC_enuDisableInterruptMode
 .text.ADC_enuEnable
                0x000035ce       0x28 ./MCAL/ADC/ADC_prog.o
                0x000035ce                ADC_enuEnable
 .text.ADC_enuDisable
                0x000035f6       0x28 ./MCAL/ADC/ADC_prog.o
                0x000035f6                ADC_enuDisable
 .text.__vector_16
                0x0000361e       0x6e ./MCAL/ADC/ADC_prog.o
                0x0000361e                __vector_16
 .text.Switch_enuInit
                0x0000368c       0xea ./HAL/SWITCH/Switch_prog.o
                0x0000368c                Switch_enuInit
 .text.Switch_enuGetState
                0x00003776       0x54 ./HAL/SWITCH/Switch_prog.o
                0x00003776                Switch_enuGetState
 .text.LM35_enuInit
                0x000037ca       0x78 ./HAL/LM35/LM35_prog.o
                0x000037ca                LM35_enuInit
 .text.LM35_enuGetTemp
                0x00003842       0x7c ./HAL/LM35/LM35_prog.o
                0x00003842                LM35_enuGetTemp
 .text.LCD_enuInit
                0x000038be      0x572 ./HAL/LCD/LCD_prog.o
                0x000038be                LCD_enuInit
 .text.LCD_enuDisplayChar
                0x00003e30       0x2c ./HAL/LCD/LCD_prog.o
                0x00003e30                LCD_enuDisplayChar
 .text.LCD_enuDisplayString
                0x00003e5c       0x52 ./HAL/LCD/LCD_prog.o
                0x00003e5c                LCD_enuDisplayString
 .text.LCD_enuSendCommand
                0x00003eae       0x2c ./HAL/LCD/LCD_prog.o
                0x00003eae                LCD_enuSendCommand
 .text.LCD_enuGoToPosition
                0x00003eda       0x54 ./HAL/LCD/LCD_prog.o
                0x00003eda                LCD_enuGoToPosition
 .text.LCD_enuDisplayNum
                0x00003f2e      0x14c ./HAL/LCD/LCD_prog.o
                0x00003f2e                LCD_enuDisplayNum
 .text.LCD_enuSendSpecialNumber
                0x0000407a      0x14a ./HAL/LCD/LCD_prog.o
                0x0000407a                LCD_enuSendSpecialNumber
 .text.POWER_u32PowerNumbers
                0x000041c4       0x84 ./HAL/LCD/LCD_prog.o
                0x000041c4                POWER_u32PowerNumbers
 .text.LCD_vidLatch
                0x00004248      0x2ba ./HAL/LCD/LCD_prog.o
 .text.LCD_invidSendCommand
                0x00004502      0x1e0 ./HAL/LCD/LCD_prog.o
 .text.LCD_enuClearLcd
                0x000046e2       0x1e ./HAL/LCD/LCD_prog.o
                0x000046e2                LCD_enuClearLcd
 .text.main     0x00004700       0x78 ./APP/main.o
                0x00004700                main
 .text.libgcc   0x00004778       0x3e d:/aya/downloads/eclipse/sdk_win_64/sdk_win_64/winavr/bin/../lib/gcc/avr/4.3.3/avr5\libgcc.a(_mulsi3.o)
                0x00004778                __mulsi3
 .text.libgcc   0x000047b6       0x44 d:/aya/downloads/eclipse/sdk_win_64/sdk_win_64/winavr/bin/../lib/gcc/avr/4.3.3/avr5\libgcc.a(_udivmodsi4.o)
                0x000047b6                __udivmodsi4
 .text.libgcc   0x000047fa        0x0 d:/aya/downloads/eclipse/sdk_win_64/sdk_win_64/winavr/bin/../lib/gcc/avr/4.3.3/avr5\libgcc.a(_exit.o)
 .text.libgcc   0x000047fa        0x0 d:/aya/downloads/eclipse/sdk_win_64/sdk_win_64/winavr/bin/../lib/gcc/avr/4.3.3/avr5\libgcc.a(_copy_data.o)
 .text.libgcc   0x000047fa        0x0 d:/aya/downloads/eclipse/sdk_win_64/sdk_win_64/winavr/bin/../lib/gcc/avr/4.3.3/avr5\libgcc.a(_clear_bss.o)
 .text.libgcc   0x000047fa       0x38 d:/aya/downloads/eclipse/sdk_win_64/sdk_win_64/winavr/bin/../lib/gcc/avr/4.3.3/avr5\libgcc.a(_prologue.o)
                0x000047fa                __prologue_saves__
 .text.libgcc   0x00004832       0x36 d:/aya/downloads/eclipse/sdk_win_64/sdk_win_64/winavr/bin/../lib/gcc/avr/4.3.3/avr5\libgcc.a(_epilogue.o)
                0x00004832                __epilogue_restores__
                0x00004868                . = ALIGN (0x2)
 *(.fini9)
 .fini9         0x00004868        0x0 d:/aya/downloads/eclipse/sdk_win_64/sdk_win_64/winavr/bin/../lib/gcc/avr/4.3.3/avr5\libgcc.a(_exit.o)
                0x00004868                exit
                0x00004868                _exit
 *(.fini9)
 *(.fini8)
 *(.fini8)
 *(.fini7)
 *(.fini7)
 *(.fini6)
 *(.fini6)
 *(.fini5)
 *(.fini5)
 *(.fini4)
 *(.fini4)
 *(.fini3)
 *(.fini3)
 *(.fini2)
 *(.fini2)
 *(.fini1)
 *(.fini1)
 *(.fini0)
 .fini0         0x00004868        0x4 d:/aya/downloads/eclipse/sdk_win_64/sdk_win_64/winavr/bin/../lib/gcc/avr/4.3.3/avr5\libgcc.a(_exit.o)
 *(.fini0)
                0x0000486c                _etext = .

.data           0x00800060      0x136 load address 0x0000486c
                0x00800060                PROVIDE (__data_start, .)
 *(.data)
 .data          0x00800060        0x0 d:/aya/downloads/eclipse/sdk_win_64/sdk_win_64/winavr/bin/../lib/gcc/avr/4.3.3/../../../../avr/lib/avr5/crtm16.o
 .data          0x00800060        0x0 ./MCAL/USART/USART_prog.o
 .data          0x00800060        0x0 ./MCAL/TIMER/WATCHDOG/WDT_prog.o
 .data          0x00800060        0x0 ./MCAL/TIMER/TIMER1/TIMER1_prog.o
 .data          0x00800060        0x0 ./MCAL/TIMER/TIMER0/TIMER0_prog.o
 .data          0x00800060        0x0 ./MCAL/TIMER/ICU_HW/ICU_HW_prog.o
 .data          0x00800060        0x0 ./MCAL/SPI/SPI_prog.o
 .data          0x00800060        0x0 ./MCAL/GIE/GIE_prog.o
 .data          0x00800060        0x0 ./MCAL/EINT/INT_config.o
 .data          0x00800060        0x0 ./MCAL/EINT/INT_prog.o
 .data          0x00800060        0x0 ./MCAL/DIO/DIO_prog.o
 .data          0x00800060        0x0 ./MCAL/ADC/ADC_prog.o
 .data          0x00800060        0x0 ./HAL/SWITCH/Switch_config.o
 .data          0x00800060        0x0 ./HAL/SWITCH/Switch_prog.o
 .data          0x00800060        0x0 ./HAL/LM35/LM35_config.o
 .data          0x00800060        0x0 ./HAL/LM35/LM35_prog.o
 .data          0x00800060        0x0 ./HAL/LCD/LCD_prog.o
 .data          0x00800060        0x0 ./APP/main.o
 .data          0x00800060        0x0 d:/aya/downloads/eclipse/sdk_win_64/sdk_win_64/winavr/bin/../lib/gcc/avr/4.3.3/avr5\libgcc.a(_mulsi3.o)
 .data          0x00800060        0x0 d:/aya/downloads/eclipse/sdk_win_64/sdk_win_64/winavr/bin/../lib/gcc/avr/4.3.3/avr5\libgcc.a(_udivmodsi4.o)
 .data          0x00800060        0x0 d:/aya/downloads/eclipse/sdk_win_64/sdk_win_64/winavr/bin/../lib/gcc/avr/4.3.3/avr5\libgcc.a(_exit.o)
 .data          0x00800060        0x0 d:/aya/downloads/eclipse/sdk_win_64/sdk_win_64/winavr/bin/../lib/gcc/avr/4.3.3/avr5\libgcc.a(_copy_data.o)
 .data          0x00800060        0x0 d:/aya/downloads/eclipse/sdk_win_64/sdk_win_64/winavr/bin/../lib/gcc/avr/4.3.3/avr5\libgcc.a(_clear_bss.o)
 .data          0x00800060        0x0 d:/aya/downloads/eclipse/sdk_win_64/sdk_win_64/winavr/bin/../lib/gcc/avr/4.3.3/avr5\libgcc.a(_fixunssfsi.o)
 .data          0x00800060        0x0 d:/aya/downloads/eclipse/sdk_win_64/sdk_win_64/winavr/bin/../lib/gcc/avr/4.3.3/avr5\libgcc.a(_addsub_sf.o)
 .data          0x00800060        0x0 d:/aya/downloads/eclipse/sdk_win_64/sdk_win_64/winavr/bin/../lib/gcc/avr/4.3.3/avr5\libgcc.a(_mul_sf.o)
 .data          0x00800060        0x0 d:/aya/downloads/eclipse/sdk_win_64/sdk_win_64/winavr/bin/../lib/gcc/avr/4.3.3/avr5\libgcc.a(_div_sf.o)
 .data          0x00800060        0x0 d:/aya/downloads/eclipse/sdk_win_64/sdk_win_64/winavr/bin/../lib/gcc/avr/4.3.3/avr5\libgcc.a(_ne_sf.o)
 .data          0x00800060        0x0 d:/aya/downloads/eclipse/sdk_win_64/sdk_win_64/winavr/bin/../lib/gcc/avr/4.3.3/avr5\libgcc.a(_gt_sf.o)
 .data          0x00800060        0x0 d:/aya/downloads/eclipse/sdk_win_64/sdk_win_64/winavr/bin/../lib/gcc/avr/4.3.3/avr5\libgcc.a(_ge_sf.o)
 .data          0x00800060        0x0 d:/aya/downloads/eclipse/sdk_win_64/sdk_win_64/winavr/bin/../lib/gcc/avr/4.3.3/avr5\libgcc.a(_lt_sf.o)
 .data          0x00800060        0x0 d:/aya/downloads/eclipse/sdk_win_64/sdk_win_64/winavr/bin/../lib/gcc/avr/4.3.3/avr5\libgcc.a(_sf_to_si.o)
 .data          0x00800060        0x8 d:/aya/downloads/eclipse/sdk_win_64/sdk_win_64/winavr/bin/../lib/gcc/avr/4.3.3/avr5\libgcc.a(_thenan_sf.o)
                0x00800060                __thenan_sf
 .data          0x00800068        0x0 d:/aya/downloads/eclipse/sdk_win_64/sdk_win_64/winavr/bin/../lib/gcc/avr/4.3.3/avr5\libgcc.a(_usi_to_sf.o)
 .data          0x00800068        0x0 d:/aya/downloads/eclipse/sdk_win_64/sdk_win_64/winavr/bin/../lib/gcc/avr/4.3.3/avr5\libgcc.a(_prologue.o)
 .data          0x00800068        0x0 d:/aya/downloads/eclipse/sdk_win_64/sdk_win_64/winavr/bin/../lib/gcc/avr/4.3.3/avr5\libgcc.a(_epilogue.o)
 .data          0x00800068        0x0 d:/aya/downloads/eclipse/sdk_win_64/sdk_win_64/winavr/bin/../lib/gcc/avr/4.3.3/avr5\libgcc.a(_clzsi2.o)
 .data          0x00800068        0x0 d:/aya/downloads/eclipse/sdk_win_64/sdk_win_64/winavr/bin/../lib/gcc/avr/4.3.3/avr5\libgcc.a(_pack_sf.o)
 .data          0x00800068        0x0 d:/aya/downloads/eclipse/sdk_win_64/sdk_win_64/winavr/bin/../lib/gcc/avr/4.3.3/avr5\libgcc.a(_unpack_sf.o)
 .data          0x00800068        0x0 d:/aya/downloads/eclipse/sdk_win_64/sdk_win_64/winavr/bin/../lib/gcc/avr/4.3.3/avr5\libgcc.a(_fpcmp_parts_sf.o)
 .data          0x00800068      0x100 d:/aya/downloads/eclipse/sdk_win_64/sdk_win_64/winavr/bin/../lib/gcc/avr/4.3.3/avr5\libgcc.a(_clz.o)
                0x00800068                __clz_tab
 *(.data*)
 .data.ISR_u32ActionCounter
                0x00800168        0x4 ./MCAL/TIMER/TIMER0/TIMER0_prog.o
                0x00800168                ISR_u32ActionCounter
 .data.EINT_tstrEINTcofig
                0x0080016c        0x6 ./MCAL/EINT/INT_config.o
                0x0080016c                EINT_tstrEINTcofig
 .data.Switch_AstrSwitchState
                0x00800172        0x9 ./HAL/SWITCH/Switch_config.o
                0x00800172                Switch_AstrSwitchState
 .data.LM35_AstrLM35Config
                0x0080017b       0x10 ./HAL/LM35/LM35_config.o
                0x0080017b                LM35_AstrLM35Config
 .data.Array_u8Num
                0x0080018b        0xa ./HAL/LCD/LCD_prog.o
                0x0080018b                Array_u8Num
 *(.rodata)
 *(.rodata*)
 *(.gnu.linkonce.d*)
                0x00800196                . = ALIGN (0x2)
 *fill*         0x00800195        0x1 00
                0x00800196                _edata = .
                0x00800196                PROVIDE (__data_end, .)

.bss            0x00800196       0x42
                0x00800196                PROVIDE (__bss_start, .)
 *(.bss)
 .bss           0x00800196        0x0 d:/aya/downloads/eclipse/sdk_win_64/sdk_win_64/winavr/bin/../lib/gcc/avr/4.3.3/../../../../avr/lib/avr5/crtm16.o
 .bss           0x00800196        0x0 ./MCAL/USART/USART_prog.o
 .bss           0x00800196        0x0 ./MCAL/TIMER/WATCHDOG/WDT_prog.o
 .bss           0x00800196        0x0 ./MCAL/TIMER/TIMER1/TIMER1_prog.o
 .bss           0x00800196        0x0 ./MCAL/TIMER/TIMER0/TIMER0_prog.o
 .bss           0x00800196        0x0 ./MCAL/TIMER/ICU_HW/ICU_HW_prog.o
 .bss           0x00800196        0x0 ./MCAL/SPI/SPI_prog.o
 .bss           0x00800196        0x0 ./MCAL/GIE/GIE_prog.o
 .bss           0x00800196        0x0 ./MCAL/EINT/INT_config.o
 .bss           0x00800196        0x0 ./MCAL/EINT/INT_prog.o
 .bss           0x00800196        0x0 ./MCAL/DIO/DIO_prog.o
 .bss           0x00800196        0x0 ./MCAL/ADC/ADC_prog.o
 .bss           0x00800196        0x0 ./HAL/SWITCH/Switch_config.o
 .bss           0x00800196        0x0 ./HAL/SWITCH/Switch_prog.o
 .bss           0x00800196        0x0 ./HAL/LM35/LM35_config.o
 .bss           0x00800196        0x0 ./HAL/LM35/LM35_prog.o
 .bss           0x00800196        0x0 ./HAL/LCD/LCD_prog.o
 .bss           0x00800196        0x0 ./APP/main.o
 .bss           0x00800196        0x0 d:/aya/downloads/eclipse/sdk_win_64/sdk_win_64/winavr/bin/../lib/gcc/avr/4.3.3/avr5\libgcc.a(_mulsi3.o)
 .bss           0x00800196        0x0 d:/aya/downloads/eclipse/sdk_win_64/sdk_win_64/winavr/bin/../lib/gcc/avr/4.3.3/avr5\libgcc.a(_udivmodsi4.o)
 .bss           0x00800196        0x0 d:/aya/downloads/eclipse/sdk_win_64/sdk_win_64/winavr/bin/../lib/gcc/avr/4.3.3/avr5\libgcc.a(_exit.o)
 .bss           0x00800196        0x0 d:/aya/downloads/eclipse/sdk_win_64/sdk_win_64/winavr/bin/../lib/gcc/avr/4.3.3/avr5\libgcc.a(_copy_data.o)
 .bss           0x00800196        0x0 d:/aya/downloads/eclipse/sdk_win_64/sdk_win_64/winavr/bin/../lib/gcc/avr/4.3.3/avr5\libgcc.a(_clear_bss.o)
 .bss           0x00800196        0x0 d:/aya/downloads/eclipse/sdk_win_64/sdk_win_64/winavr/bin/../lib/gcc/avr/4.3.3/avr5\libgcc.a(_fixunssfsi.o)
 .bss           0x00800196        0x0 d:/aya/downloads/eclipse/sdk_win_64/sdk_win_64/winavr/bin/../lib/gcc/avr/4.3.3/avr5\libgcc.a(_addsub_sf.o)
 .bss           0x00800196        0x0 d:/aya/downloads/eclipse/sdk_win_64/sdk_win_64/winavr/bin/../lib/gcc/avr/4.3.3/avr5\libgcc.a(_mul_sf.o)
 .bss           0x00800196        0x0 d:/aya/downloads/eclipse/sdk_win_64/sdk_win_64/winavr/bin/../lib/gcc/avr/4.3.3/avr5\libgcc.a(_div_sf.o)
 .bss           0x00800196        0x0 d:/aya/downloads/eclipse/sdk_win_64/sdk_win_64/winavr/bin/../lib/gcc/avr/4.3.3/avr5\libgcc.a(_ne_sf.o)
 .bss           0x00800196        0x0 d:/aya/downloads/eclipse/sdk_win_64/sdk_win_64/winavr/bin/../lib/gcc/avr/4.3.3/avr5\libgcc.a(_gt_sf.o)
 .bss           0x00800196        0x0 d:/aya/downloads/eclipse/sdk_win_64/sdk_win_64/winavr/bin/../lib/gcc/avr/4.3.3/avr5\libgcc.a(_ge_sf.o)
 .bss           0x00800196        0x0 d:/aya/downloads/eclipse/sdk_win_64/sdk_win_64/winavr/bin/../lib/gcc/avr/4.3.3/avr5\libgcc.a(_lt_sf.o)
 .bss           0x00800196        0x0 d:/aya/downloads/eclipse/sdk_win_64/sdk_win_64/winavr/bin/../lib/gcc/avr/4.3.3/avr5\libgcc.a(_sf_to_si.o)
 .bss           0x00800196        0x0 d:/aya/downloads/eclipse/sdk_win_64/sdk_win_64/winavr/bin/../lib/gcc/avr/4.3.3/avr5\libgcc.a(_thenan_sf.o)
 .bss           0x00800196        0x0 d:/aya/downloads/eclipse/sdk_win_64/sdk_win_64/winavr/bin/../lib/gcc/avr/4.3.3/avr5\libgcc.a(_usi_to_sf.o)
 .bss           0x00800196        0x0 d:/aya/downloads/eclipse/sdk_win_64/sdk_win_64/winavr/bin/../lib/gcc/avr/4.3.3/avr5\libgcc.a(_prologue.o)
 .bss           0x00800196        0x0 d:/aya/downloads/eclipse/sdk_win_64/sdk_win_64/winavr/bin/../lib/gcc/avr/4.3.3/avr5\libgcc.a(_epilogue.o)
 .bss           0x00800196        0x0 d:/aya/downloads/eclipse/sdk_win_64/sdk_win_64/winavr/bin/../lib/gcc/avr/4.3.3/avr5\libgcc.a(_clzsi2.o)
 .bss           0x00800196        0x0 d:/aya/downloads/eclipse/sdk_win_64/sdk_win_64/winavr/bin/../lib/gcc/avr/4.3.3/avr5\libgcc.a(_pack_sf.o)
 .bss           0x00800196        0x0 d:/aya/downloads/eclipse/sdk_win_64/sdk_win_64/winavr/bin/../lib/gcc/avr/4.3.3/avr5\libgcc.a(_unpack_sf.o)
 .bss           0x00800196        0x0 d:/aya/downloads/eclipse/sdk_win_64/sdk_win_64/winavr/bin/../lib/gcc/avr/4.3.3/avr5\libgcc.a(_fpcmp_parts_sf.o)
 .bss           0x00800196        0x0 d:/aya/downloads/eclipse/sdk_win_64/sdk_win_64/winavr/bin/../lib/gcc/avr/4.3.3/avr5\libgcc.a(_clz.o)
 *(.bss*)
 .bss.TIMER1_APfunCallBack
                0x00800196        0x6 ./MCAL/TIMER/TIMER1/TIMER1_prog.o
 .bss.TIMER1_APvidParameter
                0x0080019c        0x6 ./MCAL/TIMER/TIMER1/TIMER1_prog.o
 .bss.TIMER0_u8NumberOfOverflow
                0x008001a2        0x1 ./MCAL/TIMER/TIMER0/TIMER0_prog.o
                0x008001a2                TIMER0_u8NumberOfOverflow
 .bss.TIMER0_u8Preload
                0x008001a3        0x1 ./MCAL/TIMER/TIMER0/TIMER0_prog.o
                0x008001a3                TIMER0_u8Preload
 .bss.TIMER0_u32StartDelay
                0x008001a4        0x4 ./MCAL/TIMER/TIMER0/TIMER0_prog.o
                0x008001a4                TIMER0_u32StartDelay
 .bss.TIMER0_u32StopTime
                0x008001a8        0x4 ./MCAL/TIMER/TIMER0/TIMER0_prog.o
                0x008001a8                TIMER0_u32StopTime
 .bss.ISR_u32Counter
                0x008001ac        0x4 ./MCAL/TIMER/TIMER0/TIMER0_prog.o
                0x008001ac                ISR_u32Counter
 .bss.TIMER0_APfunCallBack
                0x008001b0        0x6 ./MCAL/TIMER/TIMER0/TIMER0_prog.o
 .bss.TIMER0_APvidParameter
                0x008001b6        0x6 ./MCAL/TIMER/TIMER0/TIMER0_prog.o
 .bss.Timer0_NumOVF
                0x008001bc        0x4 ./MCAL/TIMER/TIMER0/TIMER0_prog.o
 .bss.Timer0_Preload
                0x008001c0        0x4 ./MCAL/TIMER/TIMER0/TIMER0_prog.o
 .bss.ICU_PvCallBackFunc
                0x008001c4        0x2 ./MCAL/TIMER/ICU_HW/ICU_HW_prog.o
 .bss.ICU_PvCallBackParameter
                0x008001c6        0x2 ./MCAL/TIMER/ICU_HW/ICU_HW_prog.o
 .bss.EINT_pfunINT
                0x008001c8        0x6 ./MCAL/EINT/INT_prog.o
 .bss.EINT_ApvoidINT
                0x008001ce        0x6 ./MCAL/EINT/INT_prog.o
 .bss.ADC_pfunISRFun
                0x008001d4        0x2 ./MCAL/ADC/ADC_prog.o
 .bss.ADC_pvidISRParameter
                0x008001d6        0x2 ./MCAL/ADC/ADC_prog.o
 *(COMMON)
                0x008001d8                PROVIDE (__bss_end, .)
                0x0000486c                __data_load_start = LOADADDR (.data)
                0x000049a2                __data_load_end = (__data_load_start + SIZEOF (.data))

.noinit         0x008001d8        0x0
                0x008001d8                PROVIDE (__noinit_start, .)
 *(.noinit*)
                0x008001d8                PROVIDE (__noinit_end, .)
                0x008001d8                _end = .
                0x008001d8                PROVIDE (__heap_start, .)

.eeprom         0x00810000        0x0
 *(.eeprom*)
                0x00810000                __eeprom_end = .

.fuse
 *(.fuse)
 *(.lfuse)
 *(.hfuse)
 *(.efuse)

.lock
 *(.lock*)

.signature
 *(.signature*)

.stab           0x00000000     0x6318
 *(.stab)
 .stab          0x00000000      0x84c ./MCAL/USART/USART_prog.o
 .stab          0x0000084c      0x348 ./MCAL/TIMER/WATCHDOG/WDT_prog.o
                                0x354 (size before relaxing)
 .stab          0x00000b94      0x738 ./MCAL/TIMER/TIMER1/TIMER1_prog.o
                                0x744 (size before relaxing)
 .stab          0x000012cc      0xb34 ./MCAL/TIMER/TIMER0/TIMER0_prog.o
                                0xb40 (size before relaxing)
 .stab          0x00001e00      0x558 ./MCAL/TIMER/ICU_HW/ICU_HW_prog.o
                                0x564 (size before relaxing)
 .stab          0x00002358      0x1a4 ./MCAL/SPI/SPI_prog.o
                                0x1b0 (size before relaxing)
 .stab          0x000024fc      0x294 ./MCAL/GIE/GIE_prog.o
                                0x2a0 (size before relaxing)
 .stab          0x00002790      0x1d4 ./MCAL/EINT/INT_config.o
                                0x1e0 (size before relaxing)
 .stab          0x00002964      0x834 ./MCAL/EINT/INT_prog.o
                                0x90c (size before relaxing)
 .stab          0x00003198      0x9c0 ./MCAL/DIO/DIO_prog.o
                                0x9cc (size before relaxing)
 .stab          0x00003b58      0xaa4 ./MCAL/ADC/ADC_prog.o
                                0xab0 (size before relaxing)
 .stab          0x000045fc      0x1d4 ./HAL/SWITCH/Switch_config.o
                                0x1e0 (size before relaxing)
 .stab          0x000047d0      0x270 ./HAL/SWITCH/Switch_prog.o
                                0x348 (size before relaxing)
 .stab          0x00004a40      0x1d4 ./HAL/LM35/LM35_config.o
                                0x1e0 (size before relaxing)
 .stab          0x00004c14      0x264 ./HAL/LM35/LM35_prog.o
                                0x33c (size before relaxing)
 .stab          0x00004e78     0x11e8 ./HAL/LCD/LCD_prog.o
                               0x11f4 (size before relaxing)
 .stab          0x00006060      0x2b8 ./APP/main.o
                                0x450 (size before relaxing)

.stabstr        0x00000000     0x2452
 *(.stabstr)
 .stabstr       0x00000000     0x2452 ./MCAL/USART/USART_prog.o

.stab.excl
 *(.stab.excl)

.stab.exclstr
 *(.stab.exclstr)

.stab.index
 *(.stab.index)

.stab.indexstr
 *(.stab.indexstr)

.comment
 *(.comment)

.debug
 *(.debug)

.line
 *(.line)

.debug_srcinfo
 *(.debug_srcinfo)

.debug_sfnames
 *(.debug_sfnames)

.debug_aranges  0x00000000      0x1c0
 *(.debug_aranges)
 .debug_aranges
                0x00000000       0x20 d:/aya/downloads/eclipse/sdk_win_64/sdk_win_64/winavr/bin/../lib/gcc/avr/4.3.3/avr5\libgcc.a(_fixunssfsi.o)
 .debug_aranges
                0x00000020       0x20 d:/aya/downloads/eclipse/sdk_win_64/sdk_win_64/winavr/bin/../lib/gcc/avr/4.3.3/avr5\libgcc.a(_addsub_sf.o)
 .debug_aranges
                0x00000040       0x20 d:/aya/downloads/eclipse/sdk_win_64/sdk_win_64/winavr/bin/../lib/gcc/avr/4.3.3/avr5\libgcc.a(_mul_sf.o)
 .debug_aranges
                0x00000060       0x20 d:/aya/downloads/eclipse/sdk_win_64/sdk_win_64/winavr/bin/../lib/gcc/avr/4.3.3/avr5\libgcc.a(_div_sf.o)
 .debug_aranges
                0x00000080       0x20 d:/aya/downloads/eclipse/sdk_win_64/sdk_win_64/winavr/bin/../lib/gcc/avr/4.3.3/avr5\libgcc.a(_ne_sf.o)
 .debug_aranges
                0x000000a0       0x20 d:/aya/downloads/eclipse/sdk_win_64/sdk_win_64/winavr/bin/../lib/gcc/avr/4.3.3/avr5\libgcc.a(_gt_sf.o)
 .debug_aranges
                0x000000c0       0x20 d:/aya/downloads/eclipse/sdk_win_64/sdk_win_64/winavr/bin/../lib/gcc/avr/4.3.3/avr5\libgcc.a(_ge_sf.o)
 .debug_aranges
                0x000000e0       0x20 d:/aya/downloads/eclipse/sdk_win_64/sdk_win_64/winavr/bin/../lib/gcc/avr/4.3.3/avr5\libgcc.a(_lt_sf.o)
 .debug_aranges
                0x00000100       0x20 d:/aya/downloads/eclipse/sdk_win_64/sdk_win_64/winavr/bin/../lib/gcc/avr/4.3.3/avr5\libgcc.a(_sf_to_si.o)
 .debug_aranges
                0x00000120       0x20 d:/aya/downloads/eclipse/sdk_win_64/sdk_win_64/winavr/bin/../lib/gcc/avr/4.3.3/avr5\libgcc.a(_usi_to_sf.o)
 .debug_aranges
                0x00000140       0x20 d:/aya/downloads/eclipse/sdk_win_64/sdk_win_64/winavr/bin/../lib/gcc/avr/4.3.3/avr5\libgcc.a(_clzsi2.o)
 .debug_aranges
                0x00000160       0x20 d:/aya/downloads/eclipse/sdk_win_64/sdk_win_64/winavr/bin/../lib/gcc/avr/4.3.3/avr5\libgcc.a(_pack_sf.o)
 .debug_aranges
                0x00000180       0x20 d:/aya/downloads/eclipse/sdk_win_64/sdk_win_64/winavr/bin/../lib/gcc/avr/4.3.3/avr5\libgcc.a(_unpack_sf.o)
 .debug_aranges
                0x000001a0       0x20 d:/aya/downloads/eclipse/sdk_win_64/sdk_win_64/winavr/bin/../lib/gcc/avr/4.3.3/avr5\libgcc.a(_fpcmp_parts_sf.o)

.debug_pubnames
                0x00000000      0x210
 *(.debug_pubnames)
 .debug_pubnames
                0x00000000       0x23 d:/aya/downloads/eclipse/sdk_win_64/sdk_win_64/winavr/bin/../lib/gcc/avr/4.3.3/avr5\libgcc.a(_fixunssfsi.o)
 .debug_pubnames
                0x00000023       0x2c d:/aya/downloads/eclipse/sdk_win_64/sdk_win_64/winavr/bin/../lib/gcc/avr/4.3.3/avr5\libgcc.a(_addsub_sf.o)
 .debug_pubnames
                0x0000004f       0x1f d:/aya/downloads/eclipse/sdk_win_64/sdk_win_64/winavr/bin/../lib/gcc/avr/4.3.3/avr5\libgcc.a(_mul_sf.o)
 .debug_pubnames
                0x0000006e       0x1f d:/aya/downloads/eclipse/sdk_win_64/sdk_win_64/winavr/bin/../lib/gcc/avr/4.3.3/avr5\libgcc.a(_div_sf.o)
 .debug_pubnames
                0x0000008d       0x1e d:/aya/downloads/eclipse/sdk_win_64/sdk_win_64/winavr/bin/../lib/gcc/avr/4.3.3/avr5\libgcc.a(_ne_sf.o)
 .debug_pubnames
                0x000000ab       0x1e d:/aya/downloads/eclipse/sdk_win_64/sdk_win_64/winavr/bin/../lib/gcc/avr/4.3.3/avr5\libgcc.a(_gt_sf.o)
 .debug_pubnames
                0x000000c9       0x1e d:/aya/downloads/eclipse/sdk_win_64/sdk_win_64/winavr/bin/../lib/gcc/avr/4.3.3/avr5\libgcc.a(_ge_sf.o)
 .debug_pubnames
                0x000000e7       0x1e d:/aya/downloads/eclipse/sdk_win_64/sdk_win_64/winavr/bin/../lib/gcc/avr/4.3.3/avr5\libgcc.a(_lt_sf.o)
 .debug_pubnames
                0x00000105       0x20 d:/aya/downloads/eclipse/sdk_win_64/sdk_win_64/winavr/bin/../lib/gcc/avr/4.3.3/avr5\libgcc.a(_sf_to_si.o)
 .debug_pubnames
                0x00000125       0x22 d:/aya/downloads/eclipse/sdk_win_64/sdk_win_64/winavr/bin/../lib/gcc/avr/4.3.3/avr5\libgcc.a(_thenan_sf.o)
 .debug_pubnames
                0x00000147       0x24 d:/aya/downloads/eclipse/sdk_win_64/sdk_win_64/winavr/bin/../lib/gcc/avr/4.3.3/avr5\libgcc.a(_usi_to_sf.o)
 .debug_pubnames
                0x0000016b       0x1f d:/aya/downloads/eclipse/sdk_win_64/sdk_win_64/winavr/bin/../lib/gcc/avr/4.3.3/avr5\libgcc.a(_clzsi2.o)
 .debug_pubnames
                0x0000018a       0x1f d:/aya/downloads/eclipse/sdk_win_64/sdk_win_64/winavr/bin/../lib/gcc/avr/4.3.3/avr5\libgcc.a(_pack_sf.o)
 .debug_pubnames
                0x000001a9       0x21 d:/aya/downloads/eclipse/sdk_win_64/sdk_win_64/winavr/bin/../lib/gcc/avr/4.3.3/avr5\libgcc.a(_unpack_sf.o)
 .debug_pubnames
                0x000001ca       0x26 d:/aya/downloads/eclipse/sdk_win_64/sdk_win_64/winavr/bin/../lib/gcc/avr/4.3.3/avr5\libgcc.a(_fpcmp_parts_sf.o)
 .debug_pubnames
                0x000001f0       0x20 d:/aya/downloads/eclipse/sdk_win_64/sdk_win_64/winavr/bin/../lib/gcc/avr/4.3.3/avr5\libgcc.a(_clz.o)

.debug_info     0x00000000     0x268a
 *(.debug_info)
 .debug_info    0x00000000       0xb1 d:/aya/downloads/eclipse/sdk_win_64/sdk_win_64/winavr/bin/../lib/gcc/avr/4.3.3/avr5\libgcc.a(_fixunssfsi.o)
 .debug_info    0x000000b1      0x47a d:/aya/downloads/eclipse/sdk_win_64/sdk_win_64/winavr/bin/../lib/gcc/avr/4.3.3/avr5\libgcc.a(_addsub_sf.o)
 .debug_info    0x0000052b      0x485 d:/aya/downloads/eclipse/sdk_win_64/sdk_win_64/winavr/bin/../lib/gcc/avr/4.3.3/avr5\libgcc.a(_mul_sf.o)
 .debug_info    0x000009b0      0x3fc d:/aya/downloads/eclipse/sdk_win_64/sdk_win_64/winavr/bin/../lib/gcc/avr/4.3.3/avr5\libgcc.a(_div_sf.o)
 .debug_info    0x00000dac      0x27f d:/aya/downloads/eclipse/sdk_win_64/sdk_win_64/winavr/bin/../lib/gcc/avr/4.3.3/avr5\libgcc.a(_ne_sf.o)
 .debug_info    0x0000102b      0x27f d:/aya/downloads/eclipse/sdk_win_64/sdk_win_64/winavr/bin/../lib/gcc/avr/4.3.3/avr5\libgcc.a(_gt_sf.o)
 .debug_info    0x000012aa      0x27f d:/aya/downloads/eclipse/sdk_win_64/sdk_win_64/winavr/bin/../lib/gcc/avr/4.3.3/avr5\libgcc.a(_ge_sf.o)
 .debug_info    0x00001529      0x27f d:/aya/downloads/eclipse/sdk_win_64/sdk_win_64/winavr/bin/../lib/gcc/avr/4.3.3/avr5\libgcc.a(_lt_sf.o)
 .debug_info    0x000017a8      0x2b0 d:/aya/downloads/eclipse/sdk_win_64/sdk_win_64/winavr/bin/../lib/gcc/avr/4.3.3/avr5\libgcc.a(_sf_to_si.o)
 .debug_info    0x00001a58      0x12c d:/aya/downloads/eclipse/sdk_win_64/sdk_win_64/winavr/bin/../lib/gcc/avr/4.3.3/avr5\libgcc.a(_thenan_sf.o)
 .debug_info    0x00001b84      0x206 d:/aya/downloads/eclipse/sdk_win_64/sdk_win_64/winavr/bin/../lib/gcc/avr/4.3.3/avr5\libgcc.a(_usi_to_sf.o)
 .debug_info    0x00001d8a      0x117 d:/aya/downloads/eclipse/sdk_win_64/sdk_win_64/winavr/bin/../lib/gcc/avr/4.3.3/avr5\libgcc.a(_clzsi2.o)
 .debug_info    0x00001ea1      0x2df d:/aya/downloads/eclipse/sdk_win_64/sdk_win_64/winavr/bin/../lib/gcc/avr/4.3.3/avr5\libgcc.a(_pack_sf.o)
 .debug_info    0x00002180      0x251 d:/aya/downloads/eclipse/sdk_win_64/sdk_win_64/winavr/bin/../lib/gcc/avr/4.3.3/avr5\libgcc.a(_unpack_sf.o)
 .debug_info    0x000023d1      0x210 d:/aya/downloads/eclipse/sdk_win_64/sdk_win_64/winavr/bin/../lib/gcc/avr/4.3.3/avr5\libgcc.a(_fpcmp_parts_sf.o)
 .debug_info    0x000025e1       0xa9 d:/aya/downloads/eclipse/sdk_win_64/sdk_win_64/winavr/bin/../lib/gcc/avr/4.3.3/avr5\libgcc.a(_clz.o)
 *(.gnu.linkonce.wi.*)

.debug_abbrev   0x00000000     0x14e0
 *(.debug_abbrev)
 .debug_abbrev  0x00000000       0x5d d:/aya/downloads/eclipse/sdk_win_64/sdk_win_64/winavr/bin/../lib/gcc/avr/4.3.3/avr5\libgcc.a(_fixunssfsi.o)
 .debug_abbrev  0x0000005d      0x1ea d:/aya/downloads/eclipse/sdk_win_64/sdk_win_64/winavr/bin/../lib/gcc/avr/4.3.3/avr5\libgcc.a(_addsub_sf.o)
 .debug_abbrev  0x00000247      0x21b d:/aya/downloads/eclipse/sdk_win_64/sdk_win_64/winavr/bin/../lib/gcc/avr/4.3.3/avr5\libgcc.a(_mul_sf.o)
 .debug_abbrev  0x00000462      0x216 d:/aya/downloads/eclipse/sdk_win_64/sdk_win_64/winavr/bin/../lib/gcc/avr/4.3.3/avr5\libgcc.a(_div_sf.o)
 .debug_abbrev  0x00000678      0x15a d:/aya/downloads/eclipse/sdk_win_64/sdk_win_64/winavr/bin/../lib/gcc/avr/4.3.3/avr5\libgcc.a(_ne_sf.o)
 .debug_abbrev  0x000007d2      0x15a d:/aya/downloads/eclipse/sdk_win_64/sdk_win_64/winavr/bin/../lib/gcc/avr/4.3.3/avr5\libgcc.a(_gt_sf.o)
 .debug_abbrev  0x0000092c      0x15a d:/aya/downloads/eclipse/sdk_win_64/sdk_win_64/winavr/bin/../lib/gcc/avr/4.3.3/avr5\libgcc.a(_ge_sf.o)
 .debug_abbrev  0x00000a86      0x15a d:/aya/downloads/eclipse/sdk_win_64/sdk_win_64/winavr/bin/../lib/gcc/avr/4.3.3/avr5\libgcc.a(_lt_sf.o)
 .debug_abbrev  0x00000be0      0x17f d:/aya/downloads/eclipse/sdk_win_64/sdk_win_64/winavr/bin/../lib/gcc/avr/4.3.3/avr5\libgcc.a(_sf_to_si.o)
 .debug_abbrev  0x00000d5f       0xad d:/aya/downloads/eclipse/sdk_win_64/sdk_win_64/winavr/bin/../lib/gcc/avr/4.3.3/avr5\libgcc.a(_thenan_sf.o)
 .debug_abbrev  0x00000e0c      0x157 d:/aya/downloads/eclipse/sdk_win_64/sdk_win_64/winavr/bin/../lib/gcc/avr/4.3.3/avr5\libgcc.a(_usi_to_sf.o)
 .debug_abbrev  0x00000f63       0xc4 d:/aya/downloads/eclipse/sdk_win_64/sdk_win_64/winavr/bin/../lib/gcc/avr/4.3.3/avr5\libgcc.a(_clzsi2.o)
 .debug_abbrev  0x00001027      0x1c0 d:/aya/downloads/eclipse/sdk_win_64/sdk_win_64/winavr/bin/../lib/gcc/avr/4.3.3/avr5\libgcc.a(_pack_sf.o)
 .debug_abbrev  0x000011e7      0x154 d:/aya/downloads/eclipse/sdk_win_64/sdk_win_64/winavr/bin/../lib/gcc/avr/4.3.3/avr5\libgcc.a(_unpack_sf.o)
 .debug_abbrev  0x0000133b      0x13b d:/aya/downloads/eclipse/sdk_win_64/sdk_win_64/winavr/bin/../lib/gcc/avr/4.3.3/avr5\libgcc.a(_fpcmp_parts_sf.o)
 .debug_abbrev  0x00001476       0x6a d:/aya/downloads/eclipse/sdk_win_64/sdk_win_64/winavr/bin/../lib/gcc/avr/4.3.3/avr5\libgcc.a(_clz.o)

.debug_line     0x00000000     0x12a9
 *(.debug_line)
 .debug_line    0x00000000       0xa7 d:/aya/downloads/eclipse/sdk_win_64/sdk_win_64/winavr/bin/../lib/gcc/avr/4.3.3/avr5\libgcc.a(_fixunssfsi.o)
 .debug_line    0x000000a7      0x2af d:/aya/downloads/eclipse/sdk_win_64/sdk_win_64/winavr/bin/../lib/gcc/avr/4.3.3/avr5\libgcc.a(_addsub_sf.o)
 .debug_line    0x00000356      0x239 d:/aya/downloads/eclipse/sdk_win_64/sdk_win_64/winavr/bin/../lib/gcc/avr/4.3.3/avr5\libgcc.a(_mul_sf.o)
 .debug_line    0x0000058f      0x1d5 d:/aya/downloads/eclipse/sdk_win_64/sdk_win_64/winavr/bin/../lib/gcc/avr/4.3.3/avr5\libgcc.a(_div_sf.o)
 .debug_line    0x00000764       0xd3 d:/aya/downloads/eclipse/sdk_win_64/sdk_win_64/winavr/bin/../lib/gcc/avr/4.3.3/avr5\libgcc.a(_ne_sf.o)
 .debug_line    0x00000837       0xd3 d:/aya/downloads/eclipse/sdk_win_64/sdk_win_64/winavr/bin/../lib/gcc/avr/4.3.3/avr5\libgcc.a(_gt_sf.o)
 .debug_line    0x0000090a       0xd3 d:/aya/downloads/eclipse/sdk_win_64/sdk_win_64/winavr/bin/../lib/gcc/avr/4.3.3/avr5\libgcc.a(_ge_sf.o)
 .debug_line    0x000009dd       0xd3 d:/aya/downloads/eclipse/sdk_win_64/sdk_win_64/winavr/bin/../lib/gcc/avr/4.3.3/avr5\libgcc.a(_lt_sf.o)
 .debug_line    0x00000ab0      0x109 d:/aya/downloads/eclipse/sdk_win_64/sdk_win_64/winavr/bin/../lib/gcc/avr/4.3.3/avr5\libgcc.a(_sf_to_si.o)
 .debug_line    0x00000bb9       0x90 d:/aya/downloads/eclipse/sdk_win_64/sdk_win_64/winavr/bin/../lib/gcc/avr/4.3.3/avr5\libgcc.a(_thenan_sf.o)
 .debug_line    0x00000c49      0x133 d:/aya/downloads/eclipse/sdk_win_64/sdk_win_64/winavr/bin/../lib/gcc/avr/4.3.3/avr5\libgcc.a(_usi_to_sf.o)
 .debug_line    0x00000d7c       0xa5 d:/aya/downloads/eclipse/sdk_win_64/sdk_win_64/winavr/bin/../lib/gcc/avr/4.3.3/avr5\libgcc.a(_clzsi2.o)
 .debug_line    0x00000e21      0x18a d:/aya/downloads/eclipse/sdk_win_64/sdk_win_64/winavr/bin/../lib/gcc/avr/4.3.3/avr5\libgcc.a(_pack_sf.o)
 .debug_line    0x00000fab      0x14b d:/aya/downloads/eclipse/sdk_win_64/sdk_win_64/winavr/bin/../lib/gcc/avr/4.3.3/avr5\libgcc.a(_unpack_sf.o)
 .debug_line    0x000010f6      0x137 d:/aya/downloads/eclipse/sdk_win_64/sdk_win_64/winavr/bin/../lib/gcc/avr/4.3.3/avr5\libgcc.a(_fpcmp_parts_sf.o)
 .debug_line    0x0000122d       0x7c d:/aya/downloads/eclipse/sdk_win_64/sdk_win_64/winavr/bin/../lib/gcc/avr/4.3.3/avr5\libgcc.a(_clz.o)

.debug_frame    0x00000000      0x1e0
 *(.debug_frame)
 .debug_frame   0x00000000       0x20 d:/aya/downloads/eclipse/sdk_win_64/sdk_win_64/winavr/bin/../lib/gcc/avr/4.3.3/avr5\libgcc.a(_fixunssfsi.o)
 .debug_frame   0x00000020       0x40 d:/aya/downloads/eclipse/sdk_win_64/sdk_win_64/winavr/bin/../lib/gcc/avr/4.3.3/avr5\libgcc.a(_addsub_sf.o)
 .debug_frame   0x00000060       0x20 d:/aya/downloads/eclipse/sdk_win_64/sdk_win_64/winavr/bin/../lib/gcc/avr/4.3.3/avr5\libgcc.a(_mul_sf.o)
 .debug_frame   0x00000080       0x20 d:/aya/downloads/eclipse/sdk_win_64/sdk_win_64/winavr/bin/../lib/gcc/avr/4.3.3/avr5\libgcc.a(_div_sf.o)
 .debug_frame   0x000000a0       0x20 d:/aya/downloads/eclipse/sdk_win_64/sdk_win_64/winavr/bin/../lib/gcc/avr/4.3.3/avr5\libgcc.a(_ne_sf.o)
 .debug_frame   0x000000c0       0x20 d:/aya/downloads/eclipse/sdk_win_64/sdk_win_64/winavr/bin/../lib/gcc/avr/4.3.3/avr5\libgcc.a(_gt_sf.o)
 .debug_frame   0x000000e0       0x20 d:/aya/downloads/eclipse/sdk_win_64/sdk_win_64/winavr/bin/../lib/gcc/avr/4.3.3/avr5\libgcc.a(_ge_sf.o)
 .debug_frame   0x00000100       0x20 d:/aya/downloads/eclipse/sdk_win_64/sdk_win_64/winavr/bin/../lib/gcc/avr/4.3.3/avr5\libgcc.a(_lt_sf.o)
 .debug_frame   0x00000120       0x20 d:/aya/downloads/eclipse/sdk_win_64/sdk_win_64/winavr/bin/../lib/gcc/avr/4.3.3/avr5\libgcc.a(_sf_to_si.o)
 .debug_frame   0x00000140       0x20 d:/aya/downloads/eclipse/sdk_win_64/sdk_win_64/winavr/bin/../lib/gcc/avr/4.3.3/avr5\libgcc.a(_usi_to_sf.o)
 .debug_frame   0x00000160       0x20 d:/aya/downloads/eclipse/sdk_win_64/sdk_win_64/winavr/bin/../lib/gcc/avr/4.3.3/avr5\libgcc.a(_clzsi2.o)
 .debug_frame   0x00000180       0x20 d:/aya/downloads/eclipse/sdk_win_64/sdk_win_64/winavr/bin/../lib/gcc/avr/4.3.3/avr5\libgcc.a(_pack_sf.o)
 .debug_frame   0x000001a0       0x20 d:/aya/downloads/eclipse/sdk_win_64/sdk_win_64/winavr/bin/../lib/gcc/avr/4.3.3/avr5\libgcc.a(_unpack_sf.o)
 .debug_frame   0x000001c0       0x20 d:/aya/downloads/eclipse/sdk_win_64/sdk_win_64/winavr/bin/../lib/gcc/avr/4.3.3/avr5\libgcc.a(_fpcmp_parts_sf.o)

.debug_str      0x00000000      0x2fe
 *(.debug_str)
 .debug_str     0x00000000       0xbf d:/aya/downloads/eclipse/sdk_win_64/sdk_win_64/winavr/bin/../lib/gcc/avr/4.3.3/avr5\libgcc.a(_fixunssfsi.o)
                                 0xfe (size before relaxing)
 .debug_str     0x000000bf      0x14d d:/aya/downloads/eclipse/sdk_win_64/sdk_win_64/winavr/bin/../lib/gcc/avr/4.3.3/avr5\libgcc.a(_addsub_sf.o)
                                0x206 (size before relaxing)
 .debug_str     0x0000020c       0x27 d:/aya/downloads/eclipse/sdk_win_64/sdk_win_64/winavr/bin/../lib/gcc/avr/4.3.3/avr5\libgcc.a(_mul_sf.o)
                                0x1bf (size before relaxing)
 .debug_str     0x00000233       0x35 d:/aya/downloads/eclipse/sdk_win_64/sdk_win_64/winavr/bin/../lib/gcc/avr/4.3.3/avr5\libgcc.a(_div_sf.o)
                                0x1c8 (size before relaxing)
 .debug_str     0x00000268        0x8 d:/aya/downloads/eclipse/sdk_win_64/sdk_win_64/winavr/bin/../lib/gcc/avr/4.3.3/avr5\libgcc.a(_ne_sf.o)
                                0x195 (size before relaxing)
 .debug_str     0x00000270        0x8 d:/aya/downloads/eclipse/sdk_win_64/sdk_win_64/winavr/bin/../lib/gcc/avr/4.3.3/avr5\libgcc.a(_gt_sf.o)
                                0x195 (size before relaxing)
 .debug_str     0x00000278        0x8 d:/aya/downloads/eclipse/sdk_win_64/sdk_win_64/winavr/bin/../lib/gcc/avr/4.3.3/avr5\libgcc.a(_ge_sf.o)
                                0x195 (size before relaxing)
 .debug_str     0x00000280        0x8 d:/aya/downloads/eclipse/sdk_win_64/sdk_win_64/winavr/bin/../lib/gcc/avr/4.3.3/avr5\libgcc.a(_lt_sf.o)
                                0x195 (size before relaxing)
 .debug_str     0x00000288        0xa d:/aya/downloads/eclipse/sdk_win_64/sdk_win_64/winavr/bin/../lib/gcc/avr/4.3.3/avr5\libgcc.a(_sf_to_si.o)
                                0x19e (size before relaxing)
 .debug_str     0x00000000      0x103 d:/aya/downloads/eclipse/sdk_win_64/sdk_win_64/winavr/bin/../lib/gcc/avr/4.3.3/avr5\libgcc.a(_thenan_sf.o)
 .debug_str     0x00000292       0x21 d:/aya/downloads/eclipse/sdk_win_64/sdk_win_64/winavr/bin/../lib/gcc/avr/4.3.3/avr5\libgcc.a(_usi_to_sf.o)
                                0x177 (size before relaxing)
 .debug_str     0x000002b3       0x20 d:/aya/downloads/eclipse/sdk_win_64/sdk_win_64/winavr/bin/../lib/gcc/avr/4.3.3/avr5\libgcc.a(_clzsi2.o)
                                0x111 (size before relaxing)
 .debug_str     0x000002d3       0x10 d:/aya/downloads/eclipse/sdk_win_64/sdk_win_64/winavr/bin/../lib/gcc/avr/4.3.3/avr5\libgcc.a(_pack_sf.o)
                                0x19d (size before relaxing)
 .debug_str     0x000002e3        0xb d:/aya/downloads/eclipse/sdk_win_64/sdk_win_64/winavr/bin/../lib/gcc/avr/4.3.3/avr5\libgcc.a(_unpack_sf.o)
                                0x17f (size before relaxing)
 .debug_str     0x000002ee       0x10 d:/aya/downloads/eclipse/sdk_win_64/sdk_win_64/winavr/bin/../lib/gcc/avr/4.3.3/avr5\libgcc.a(_fpcmp_parts_sf.o)
                                0x163 (size before relaxing)
 .debug_str     0x00000000       0xf4 d:/aya/downloads/eclipse/sdk_win_64/sdk_win_64/winavr/bin/../lib/gcc/avr/4.3.3/avr5\libgcc.a(_clz.o)

.debug_loc      0x00000000      0x9aa
 *(.debug_loc)
 .debug_loc     0x00000000       0x34 d:/aya/downloads/eclipse/sdk_win_64/sdk_win_64/winavr/bin/../lib/gcc/avr/4.3.3/avr5\libgcc.a(_fixunssfsi.o)
 .debug_loc     0x00000034      0x32a d:/aya/downloads/eclipse/sdk_win_64/sdk_win_64/winavr/bin/../lib/gcc/avr/4.3.3/avr5\libgcc.a(_addsub_sf.o)
 .debug_loc     0x0000035e      0x104 d:/aya/downloads/eclipse/sdk_win_64/sdk_win_64/winavr/bin/../lib/gcc/avr/4.3.3/avr5\libgcc.a(_mul_sf.o)
 .debug_loc     0x00000462       0xc0 d:/aya/downloads/eclipse/sdk_win_64/sdk_win_64/winavr/bin/../lib/gcc/avr/4.3.3/avr5\libgcc.a(_div_sf.o)
 .debug_loc     0x00000522       0x3c d:/aya/downloads/eclipse/sdk_win_64/sdk_win_64/winavr/bin/../lib/gcc/avr/4.3.3/avr5\libgcc.a(_ne_sf.o)
 .debug_loc     0x0000055e       0x3c d:/aya/downloads/eclipse/sdk_win_64/sdk_win_64/winavr/bin/../lib/gcc/avr/4.3.3/avr5\libgcc.a(_gt_sf.o)
 .debug_loc     0x0000059a       0x3c d:/aya/downloads/eclipse/sdk_win_64/sdk_win_64/winavr/bin/../lib/gcc/avr/4.3.3/avr5\libgcc.a(_ge_sf.o)
 .debug_loc     0x000005d6       0x3c d:/aya/downloads/eclipse/sdk_win_64/sdk_win_64/winavr/bin/../lib/gcc/avr/4.3.3/avr5\libgcc.a(_lt_sf.o)
 .debug_loc     0x00000612       0x7e d:/aya/downloads/eclipse/sdk_win_64/sdk_win_64/winavr/bin/../lib/gcc/avr/4.3.3/avr5\libgcc.a(_sf_to_si.o)
 .debug_loc     0x00000690       0x4c d:/aya/downloads/eclipse/sdk_win_64/sdk_win_64/winavr/bin/../lib/gcc/avr/4.3.3/avr5\libgcc.a(_usi_to_sf.o)
 .debug_loc     0x000006dc       0x94 d:/aya/downloads/eclipse/sdk_win_64/sdk_win_64/winavr/bin/../lib/gcc/avr/4.3.3/avr5\libgcc.a(_clzsi2.o)
 .debug_loc     0x00000770      0x13e d:/aya/downloads/eclipse/sdk_win_64/sdk_win_64/winavr/bin/../lib/gcc/avr/4.3.3/avr5\libgcc.a(_pack_sf.o)
 .debug_loc     0x000008ae       0xac d:/aya/downloads/eclipse/sdk_win_64/sdk_win_64/winavr/bin/../lib/gcc/avr/4.3.3/avr5\libgcc.a(_unpack_sf.o)
 .debug_loc     0x0000095a       0x50 d:/aya/downloads/eclipse/sdk_win_64/sdk_win_64/winavr/bin/../lib/gcc/avr/4.3.3/avr5\libgcc.a(_fpcmp_parts_sf.o)

.debug_macinfo
 *(.debug_macinfo)
OUTPUT(SPI.elf elf32-avr)
LOAD linker stubs

.debug_ranges   0x00000000       0x50
 .debug_ranges  0x00000000       0x50 d:/aya/downloads/eclipse/sdk_win_64/sdk_win_64/winavr/bin/../lib/gcc/avr/4.3.3/avr5\libgcc.a(_mul_sf.o)
