Archive member included because of file (symbol)

d:/aya/downloads/eclipse/sdk_win_64/sdk_win_64/winavr/bin/../lib/gcc/avr/4.3.3/avr5\libgcc.a(_mulsi3.o)
                              ./MCAL/TIMER/TIMER0/TIMER0_prog.o (__mulsi3)
d:/aya/downloads/eclipse/sdk_win_64/sdk_win_64/winavr/bin/../lib/gcc/avr/4.3.3/avr5\libgcc.a(_udivmodsi4.o)
                              ./MCAL/TIMER/TIMER0/TIMER0_prog.o (__udivmodsi4)
d:/aya/downloads/eclipse/sdk_win_64/sdk_win_64/winavr/bin/../lib/gcc/avr/4.3.3/avr5\libgcc.a(_divmodsi4.o)
                              ./APP/main.o (__divmodsi4)
d:/aya/downloads/eclipse/sdk_win_64/sdk_win_64/winavr/bin/../lib/gcc/avr/4.3.3/avr5\libgcc.a(_exit.o)
                              d:/aya/downloads/eclipse/sdk_win_64/sdk_win_64/winavr/bin/../lib/gcc/avr/4.3.3/../../../../avr/lib/avr5/crtm32.o (exit)
d:/aya/downloads/eclipse/sdk_win_64/sdk_win_64/winavr/bin/../lib/gcc/avr/4.3.3/avr5\libgcc.a(_copy_data.o)
                              ./MCAL/TIMER/TIMER0/TIMER0_prog.o (__do_copy_data)
d:/aya/downloads/eclipse/sdk_win_64/sdk_win_64/winavr/bin/../lib/gcc/avr/4.3.3/avr5\libgcc.a(_clear_bss.o)
                              ./MCAL/TIMER/TIMER1/TIMER1_prog.o (__do_clear_bss)
d:/aya/downloads/eclipse/sdk_win_64/sdk_win_64/winavr/bin/../lib/gcc/avr/4.3.3/avr5\libgcc.a(_fixunssfsi.o)
                              ./MCAL/TIMER/TIMER0/TIMER0_prog.o (__fixunssfsi)
d:/aya/downloads/eclipse/sdk_win_64/sdk_win_64/winavr/bin/../lib/gcc/avr/4.3.3/avr5\libgcc.a(_addsub_sf.o)
                              ./MCAL/TIMER/TIMER0/TIMER0_prog.o (__subsf3)
d:/aya/downloads/eclipse/sdk_win_64/sdk_win_64/winavr/bin/../lib/gcc/avr/4.3.3/avr5\libgcc.a(_mul_sf.o)
                              ./MCAL/TIMER/TIMER0/TIMER0_prog.o (__mulsf3)
d:/aya/downloads/eclipse/sdk_win_64/sdk_win_64/winavr/bin/../lib/gcc/avr/4.3.3/avr5\libgcc.a(_div_sf.o)
                              ./MCAL/TIMER/TIMER0/TIMER0_prog.o (__divsf3)
d:/aya/downloads/eclipse/sdk_win_64/sdk_win_64/winavr/bin/../lib/gcc/avr/4.3.3/avr5\libgcc.a(_ne_sf.o)
                              ./MCAL/TIMER/TIMER0/TIMER0_prog.o (__nesf2)
d:/aya/downloads/eclipse/sdk_win_64/sdk_win_64/winavr/bin/../lib/gcc/avr/4.3.3/avr5\libgcc.a(_gt_sf.o)
                              ./HAL/LCD/LCD_prog.o (__gtsf2)
d:/aya/downloads/eclipse/sdk_win_64/sdk_win_64/winavr/bin/../lib/gcc/avr/4.3.3/avr5\libgcc.a(_ge_sf.o)
                              d:/aya/downloads/eclipse/sdk_win_64/sdk_win_64/winavr/bin/../lib/gcc/avr/4.3.3/avr5\libgcc.a(_fixunssfsi.o) (__gesf2)
d:/aya/downloads/eclipse/sdk_win_64/sdk_win_64/winavr/bin/../lib/gcc/avr/4.3.3/avr5\libgcc.a(_lt_sf.o)
                              ./HAL/LCD/LCD_prog.o (__ltsf2)
d:/aya/downloads/eclipse/sdk_win_64/sdk_win_64/winavr/bin/../lib/gcc/avr/4.3.3/avr5\libgcc.a(_sf_to_si.o)
                              d:/aya/downloads/eclipse/sdk_win_64/sdk_win_64/winavr/bin/../lib/gcc/avr/4.3.3/avr5\libgcc.a(_fixunssfsi.o) (__fixsfsi)
d:/aya/downloads/eclipse/sdk_win_64/sdk_win_64/winavr/bin/../lib/gcc/avr/4.3.3/avr5\libgcc.a(_thenan_sf.o)
                              d:/aya/downloads/eclipse/sdk_win_64/sdk_win_64/winavr/bin/../lib/gcc/avr/4.3.3/avr5\libgcc.a(_addsub_sf.o) (__thenan_sf)
d:/aya/downloads/eclipse/sdk_win_64/sdk_win_64/winavr/bin/../lib/gcc/avr/4.3.3/avr5\libgcc.a(_usi_to_sf.o)
                              ./MCAL/TIMER/TIMER0/TIMER0_prog.o (__floatunsisf)
d:/aya/downloads/eclipse/sdk_win_64/sdk_win_64/winavr/bin/../lib/gcc/avr/4.3.3/avr5\libgcc.a(_prologue.o)
                              d:/aya/downloads/eclipse/sdk_win_64/sdk_win_64/winavr/bin/../lib/gcc/avr/4.3.3/avr5\libgcc.a(_addsub_sf.o) (__prologue_saves__)
d:/aya/downloads/eclipse/sdk_win_64/sdk_win_64/winavr/bin/../lib/gcc/avr/4.3.3/avr5\libgcc.a(_epilogue.o)
                              d:/aya/downloads/eclipse/sdk_win_64/sdk_win_64/winavr/bin/../lib/gcc/avr/4.3.3/avr5\libgcc.a(_addsub_sf.o) (__epilogue_restores__)
d:/aya/downloads/eclipse/sdk_win_64/sdk_win_64/winavr/bin/../lib/gcc/avr/4.3.3/avr5\libgcc.a(_clzsi2.o)
                              d:/aya/downloads/eclipse/sdk_win_64/sdk_win_64/winavr/bin/../lib/gcc/avr/4.3.3/avr5\libgcc.a(_usi_to_sf.o) (__clzsi2)
d:/aya/downloads/eclipse/sdk_win_64/sdk_win_64/winavr/bin/../lib/gcc/avr/4.3.3/avr5\libgcc.a(_pack_sf.o)
                              d:/aya/downloads/eclipse/sdk_win_64/sdk_win_64/winavr/bin/../lib/gcc/avr/4.3.3/avr5\libgcc.a(_addsub_sf.o) (__pack_f)
d:/aya/downloads/eclipse/sdk_win_64/sdk_win_64/winavr/bin/../lib/gcc/avr/4.3.3/avr5\libgcc.a(_unpack_sf.o)
                              d:/aya/downloads/eclipse/sdk_win_64/sdk_win_64/winavr/bin/../lib/gcc/avr/4.3.3/avr5\libgcc.a(_addsub_sf.o) (__unpack_f)
d:/aya/downloads/eclipse/sdk_win_64/sdk_win_64/winavr/bin/../lib/gcc/avr/4.3.3/avr5\libgcc.a(_fpcmp_parts_sf.o)
                              d:/aya/downloads/eclipse/sdk_win_64/sdk_win_64/winavr/bin/../lib/gcc/avr/4.3.3/avr5\libgcc.a(_ne_sf.o) (__fpcmp_parts_f)
d:/aya/downloads/eclipse/sdk_win_64/sdk_win_64/winavr/bin/../lib/gcc/avr/4.3.3/avr5\libgcc.a(_clz.o)
                              d:/aya/downloads/eclipse/sdk_win_64/sdk_win_64/winavr/bin/../lib/gcc/avr/4.3.3/avr5\libgcc.a(_clzsi2.o) (__clz_tab)

Allocating common symbols
Common symbol       size              file

sw1State            0x1               ./APP/main.o
sw2State            0x1               ./APP/main.o
deci                0x1               ./APP/main.o
one                 0x1               ./APP/main.o

Memory Configuration

Name             Origin             Length             Attributes
text             0x00000000         0x00020000         xr
data             0x00800060         0x0000ffa0         rw !x
eeprom           0x00810000         0x00010000         rw !x
fuse             0x00820000         0x00000400         rw !x
lock             0x00830000         0x00000400         rw !x
signature        0x00840000         0x00000400         rw !x
*default*        0x00000000         0xffffffff

Linker script and memory map

LOAD d:/aya/downloads/eclipse/sdk_win_64/sdk_win_64/winavr/bin/../lib/gcc/avr/4.3.3/../../../../avr/lib/avr5/crtm32.o
LOAD ./MCAL/TIMER/WATCHDOG/WDT_prog.o
LOAD ./MCAL/TIMER/TIMER1/TIMER1_prog.o
LOAD ./MCAL/TIMER/TIMER0/TIMER0_prog.o
LOAD ./MCAL/TIMER/ICU_HW/ICU_HW_prog.o
LOAD ./MCAL/GIE/GIE_prog.o
LOAD ./MCAL/EINT/INT_config.o
LOAD ./MCAL/EINT/INT_prog.o
LOAD ./MCAL/DIO/DIO_prog.o
LOAD ./MCAL/ADC/ADC_prog.o
LOAD ./HAL/LM35/LM35_config.o
LOAD ./HAL/LM35/LM35_prog.o
LOAD ./HAL/LCD/LCD_prog.o
LOAD ./APP/main.o
LOAD d:/aya/downloads/eclipse/sdk_win_64/sdk_win_64/winavr/bin/../lib/gcc/avr/4.3.3/avr5\libgcc.a
LOAD d:/aya/downloads/eclipse/sdk_win_64/sdk_win_64/winavr/bin/../lib/gcc/avr/4.3.3/../../../../avr/lib/avr5\libc.a
LOAD d:/aya/downloads/eclipse/sdk_win_64/sdk_win_64/winavr/bin/../lib/gcc/avr/4.3.3/avr5\libgcc.a

.hash
 *(.hash)

.dynsym
 *(.dynsym)

.dynstr
 *(.dynstr)

.gnu.version
 *(.gnu.version)

.gnu.version_d
 *(.gnu.version_d)

.gnu.version_r
 *(.gnu.version_r)

.rel.init
 *(.rel.init)

.rela.init
 *(.rela.init)

.rel.text
 *(.rel.text)
 *(.rel.text.*)
 *(.rel.gnu.linkonce.t*)

.rela.text
 *(.rela.text)
 *(.rela.text.*)
 *(.rela.gnu.linkonce.t*)

.rel.fini
 *(.rel.fini)

.rela.fini
 *(.rela.fini)

.rel.rodata
 *(.rel.rodata)
 *(.rel.rodata.*)
 *(.rel.gnu.linkonce.r*)

.rela.rodata
 *(.rela.rodata)
 *(.rela.rodata.*)
 *(.rela.gnu.linkonce.r*)

.rel.data
 *(.rel.data)
 *(.rel.data.*)
 *(.rel.gnu.linkonce.d*)

.rela.data
 *(.rela.data)
 *(.rela.data.*)
 *(.rela.gnu.linkonce.d*)

.rel.ctors
 *(.rel.ctors)

.rela.ctors
 *(.rela.ctors)

.rel.dtors
 *(.rel.dtors)

.rela.dtors
 *(.rela.dtors)

.rel.got
 *(.rel.got)

.rela.got
 *(.rela.got)

.rel.bss
 *(.rel.bss)

.rela.bss
 *(.rela.bss)

.rel.plt
 *(.rel.plt)

.rela.plt
 *(.rela.plt)

.text           0x00000000     0x4834
 *(.vectors)
 .vectors       0x00000000       0x54 d:/aya/downloads/eclipse/sdk_win_64/sdk_win_64/winavr/bin/../lib/gcc/avr/4.3.3/../../../../avr/lib/avr5/crtm32.o
                0x00000000                __vectors
                0x00000000                __vector_default
 *(.vectors)
 *(.progmem.gcc*)
 *(.progmem*)
                0x00000054                . = ALIGN (0x2)
                0x00000054                __trampolines_start = .
 *(.trampolines)
 .trampolines   0x00000054        0x0 linker stubs
 *(.trampolines*)
                0x00000054                __trampolines_end = .
 *(.jumptables)
 *(.jumptables*)
 *(.lowtext)
 *(.lowtext*)
                0x00000054                __ctors_start = .
 *(.ctors)
                0x00000054                __ctors_end = .
                0x00000054                __dtors_start = .
 *(.dtors)
                0x00000054                __dtors_end = .
 SORT(*)(.ctors)
 SORT(*)(.dtors)
 *(.init0)
 .init0         0x00000054        0x0 d:/aya/downloads/eclipse/sdk_win_64/sdk_win_64/winavr/bin/../lib/gcc/avr/4.3.3/../../../../avr/lib/avr5/crtm32.o
                0x00000054                __init
 *(.init0)
 *(.init1)
 *(.init1)
 *(.init2)
 .init2         0x00000054        0xc d:/aya/downloads/eclipse/sdk_win_64/sdk_win_64/winavr/bin/../lib/gcc/avr/4.3.3/../../../../avr/lib/avr5/crtm32.o
 *(.init2)
 *(.init3)
 *(.init3)
 *(.init4)
 .init4         0x00000060       0x16 d:/aya/downloads/eclipse/sdk_win_64/sdk_win_64/winavr/bin/../lib/gcc/avr/4.3.3/avr5\libgcc.a(_copy_data.o)
                0x00000060                __do_copy_data
 .init4         0x00000076       0x10 d:/aya/downloads/eclipse/sdk_win_64/sdk_win_64/winavr/bin/../lib/gcc/avr/4.3.3/avr5\libgcc.a(_clear_bss.o)
                0x00000076                __do_clear_bss
 *(.init4)
 *(.init5)
 *(.init5)
 *(.init6)
 *(.init6)
 *(.init7)
 *(.init7)
 *(.init8)
 *(.init8)
 *(.init9)
 .init9         0x00000086        0x8 d:/aya/downloads/eclipse/sdk_win_64/sdk_win_64/winavr/bin/../lib/gcc/avr/4.3.3/../../../../avr/lib/avr5/crtm32.o
 *(.init9)
 *(.text)
 .text          0x0000008e        0x4 d:/aya/downloads/eclipse/sdk_win_64/sdk_win_64/winavr/bin/../lib/gcc/avr/4.3.3/../../../../avr/lib/avr5/crtm32.o
                0x0000008e                __vector_12
                0x0000008e                __bad_interrupt
                0x0000008e                __vector_13
                0x0000008e                __vector_17
                0x0000008e                __vector_19
                0x0000008e                __vector_5
                0x0000008e                __vector_4
                0x0000008e                __vector_15
                0x0000008e                __vector_14
                0x0000008e                __vector_18
                0x0000008e                __vector_20
 .text          0x00000092        0x0 ./MCAL/TIMER/WATCHDOG/WDT_prog.o
 .text          0x00000092        0x0 ./MCAL/TIMER/TIMER1/TIMER1_prog.o
 .text          0x00000092        0x0 ./MCAL/TIMER/TIMER0/TIMER0_prog.o
 .text          0x00000092        0x0 ./MCAL/TIMER/ICU_HW/ICU_HW_prog.o
 .text          0x00000092        0x0 ./MCAL/GIE/GIE_prog.o
 .text          0x00000092        0x0 ./MCAL/EINT/INT_config.o
 .text          0x00000092        0x0 ./MCAL/EINT/INT_prog.o
 .text          0x00000092        0x0 ./MCAL/DIO/DIO_prog.o
 .text          0x00000092        0x0 ./MCAL/ADC/ADC_prog.o
 .text          0x00000092        0x0 ./HAL/LM35/LM35_config.o
 .text          0x00000092        0x0 ./HAL/LM35/LM35_prog.o
 .text          0x00000092        0x0 ./HAL/LCD/LCD_prog.o
 .text          0x00000092        0x0 ./APP/main.o
 .text          0x00000092        0x0 d:/aya/downloads/eclipse/sdk_win_64/sdk_win_64/winavr/bin/../lib/gcc/avr/4.3.3/avr5\libgcc.a(_mulsi3.o)
 .text          0x00000092        0x0 d:/aya/downloads/eclipse/sdk_win_64/sdk_win_64/winavr/bin/../lib/gcc/avr/4.3.3/avr5\libgcc.a(_udivmodsi4.o)
 .text          0x00000092        0x0 d:/aya/downloads/eclipse/sdk_win_64/sdk_win_64/winavr/bin/../lib/gcc/avr/4.3.3/avr5\libgcc.a(_divmodsi4.o)
 .text          0x00000092        0x0 d:/aya/downloads/eclipse/sdk_win_64/sdk_win_64/winavr/bin/../lib/gcc/avr/4.3.3/avr5\libgcc.a(_exit.o)
 .text          0x00000092        0x0 d:/aya/downloads/eclipse/sdk_win_64/sdk_win_64/winavr/bin/../lib/gcc/avr/4.3.3/avr5\libgcc.a(_copy_data.o)
 .text          0x00000092        0x0 d:/aya/downloads/eclipse/sdk_win_64/sdk_win_64/winavr/bin/../lib/gcc/avr/4.3.3/avr5\libgcc.a(_clear_bss.o)
 .text          0x00000092       0x58 d:/aya/downloads/eclipse/sdk_win_64/sdk_win_64/winavr/bin/../lib/gcc/avr/4.3.3/avr5\libgcc.a(_fixunssfsi.o)
                0x00000092                __fixunssfsi
 .text          0x000000ea      0x354 d:/aya/downloads/eclipse/sdk_win_64/sdk_win_64/winavr/bin/../lib/gcc/avr/4.3.3/avr5\libgcc.a(_addsub_sf.o)
                0x00000382                __subsf3
                0x000003e4                __addsf3
 .text          0x0000043e      0x1f4 d:/aya/downloads/eclipse/sdk_win_64/sdk_win_64/winavr/bin/../lib/gcc/avr/4.3.3/avr5\libgcc.a(_mul_sf.o)
                0x0000043e                __mulsf3
 .text          0x00000632      0x158 d:/aya/downloads/eclipse/sdk_win_64/sdk_win_64/winavr/bin/../lib/gcc/avr/4.3.3/avr5\libgcc.a(_div_sf.o)
                0x00000632                __divsf3
 .text          0x0000078a       0x60 d:/aya/downloads/eclipse/sdk_win_64/sdk_win_64/winavr/bin/../lib/gcc/avr/4.3.3/avr5\libgcc.a(_ne_sf.o)
                0x0000078a                __nesf2
 .text          0x000007ea       0x60 d:/aya/downloads/eclipse/sdk_win_64/sdk_win_64/winavr/bin/../lib/gcc/avr/4.3.3/avr5\libgcc.a(_gt_sf.o)
                0x000007ea                __gtsf2
 .text          0x0000084a       0x60 d:/aya/downloads/eclipse/sdk_win_64/sdk_win_64/winavr/bin/../lib/gcc/avr/4.3.3/avr5\libgcc.a(_ge_sf.o)
                0x0000084a                __gesf2
 .text          0x000008aa       0x60 d:/aya/downloads/eclipse/sdk_win_64/sdk_win_64/winavr/bin/../lib/gcc/avr/4.3.3/avr5\libgcc.a(_lt_sf.o)
                0x000008aa                __ltsf2
 .text          0x0000090a       0xa8 d:/aya/downloads/eclipse/sdk_win_64/sdk_win_64/winavr/bin/../lib/gcc/avr/4.3.3/avr5\libgcc.a(_sf_to_si.o)
                0x0000090a                __fixsfsi
 .text          0x000009b2        0x0 d:/aya/downloads/eclipse/sdk_win_64/sdk_win_64/winavr/bin/../lib/gcc/avr/4.3.3/avr5\libgcc.a(_thenan_sf.o)
 .text          0x000009b2       0xf2 d:/aya/downloads/eclipse/sdk_win_64/sdk_win_64/winavr/bin/../lib/gcc/avr/4.3.3/avr5\libgcc.a(_usi_to_sf.o)
                0x000009b2                __floatunsisf
 .text          0x00000aa4        0x0 d:/aya/downloads/eclipse/sdk_win_64/sdk_win_64/winavr/bin/../lib/gcc/avr/4.3.3/avr5\libgcc.a(_prologue.o)
 .text          0x00000aa4        0x0 d:/aya/downloads/eclipse/sdk_win_64/sdk_win_64/winavr/bin/../lib/gcc/avr/4.3.3/avr5\libgcc.a(_epilogue.o)
 .text          0x00000aa4       0x9e d:/aya/downloads/eclipse/sdk_win_64/sdk_win_64/winavr/bin/../lib/gcc/avr/4.3.3/avr5\libgcc.a(_clzsi2.o)
                0x00000aa4                __clzsi2
 .text          0x00000b42      0x1aa d:/aya/downloads/eclipse/sdk_win_64/sdk_win_64/winavr/bin/../lib/gcc/avr/4.3.3/avr5\libgcc.a(_pack_sf.o)
                0x00000b42                __pack_f
 .text          0x00000cec       0xf0 d:/aya/downloads/eclipse/sdk_win_64/sdk_win_64/winavr/bin/../lib/gcc/avr/4.3.3/avr5\libgcc.a(_unpack_sf.o)
                0x00000cec                __unpack_f
 .text          0x00000ddc       0xb2 d:/aya/downloads/eclipse/sdk_win_64/sdk_win_64/winavr/bin/../lib/gcc/avr/4.3.3/avr5\libgcc.a(_fpcmp_parts_sf.o)
                0x00000ddc                __fpcmp_parts_f
 .text          0x00000e8e        0x0 d:/aya/downloads/eclipse/sdk_win_64/sdk_win_64/winavr/bin/../lib/gcc/avr/4.3.3/avr5\libgcc.a(_clz.o)
                0x00000e8e                . = ALIGN (0x2)
 *(.text.*)
 .text.WDT_enuSleep
                0x00000e8e       0x48 ./MCAL/TIMER/WATCHDOG/WDT_prog.o
                0x00000e8e                WDT_enuSleep
 .text.WDT_enuEnable
                0x00000ed6       0x28 ./MCAL/TIMER/WATCHDOG/WDT_prog.o
                0x00000ed6                WDT_enuEnable
 .text.WDT_enuDisable
                0x00000efe       0x2e ./MCAL/TIMER/WATCHDOG/WDT_prog.o
                0x00000efe                WDT_enuDisable
 .text.TIMER1_enuInit
                0x00000f2c       0xb8 ./MCAL/TIMER/TIMER1/TIMER1_prog.o
                0x00000f2c                TIMER1_enuInit
 .text.TIMER1_enuSetChannelACTC
                0x00000fe4       0x30 ./MCAL/TIMER/TIMER1/TIMER1_prog.o
                0x00000fe4                TIMER1_enuSetChannelACTC
 .text.TIMER1_enuSetChannelBCTC
                0x00001014       0x30 ./MCAL/TIMER/TIMER1/TIMER1_prog.o
                0x00001014                TIMER1_enuSetChannelBCTC
 .text.TIMER1_enuSetICR
                0x00001044       0x30 ./MCAL/TIMER/TIMER1/TIMER1_prog.o
                0x00001044                TIMER1_enuSetICR
 .text.TIMER1_enuSetTimerValue
                0x00001074       0x30 ./MCAL/TIMER/TIMER1/TIMER1_prog.o
                0x00001074                TIMER1_enuSetTimerValue
 .text.TIMER1_enuReadTimerValue
                0x000010a4       0x42 ./MCAL/TIMER/TIMER1/TIMER1_prog.o
                0x000010a4                TIMER1_enuReadTimerValue
 .text.TIMER1_enuCallBack
                0x000010e6       0xca ./MCAL/TIMER/TIMER1/TIMER1_prog.o
                0x000010e6                TIMER1_enuCallBack
 .text.__vector_7
                0x000011b0       0x6e ./MCAL/TIMER/TIMER1/TIMER1_prog.o
                0x000011b0                __vector_7
 .text.__vector_8
                0x0000121e       0x6e ./MCAL/TIMER/TIMER1/TIMER1_prog.o
                0x0000121e                __vector_8
 .text.__vector_9
                0x0000128c       0x6e ./MCAL/TIMER/TIMER1/TIMER1_prog.o
                0x0000128c                __vector_9
 .text.TIMER0_enuInit
                0x000012fa       0x80 ./MCAL/TIMER/TIMER0/TIMER0_prog.o
                0x000012fa                TIMER0_enuInit
 .text.TIMER0_enuSetCTC
                0x0000137a       0x26 ./MCAL/TIMER/TIMER0/TIMER0_prog.o
                0x0000137a                TIMER0_enuSetCTC
 .text.TIMER0_enuSetPreload
                0x000013a0       0x26 ./MCAL/TIMER/TIMER0/TIMER0_prog.o
                0x000013a0                TIMER0_enuSetPreload
 .text.TIMER0_enuDelayMilliSecond
                0x000013c6       0x52 ./MCAL/TIMER/TIMER0/TIMER0_prog.o
                0x000013c6                TIMER0_enuDelayMilliSecond
 .text.TIMER0_enuGeneratePWM
                0x00001418       0x7a ./MCAL/TIMER/TIMER0/TIMER0_prog.o
                0x00001418                TIMER0_enuGeneratePWM
 .text.TIMER0_enuCallBackOVF
                0x00001492       0x54 ./MCAL/TIMER/TIMER0/TIMER0_prog.o
                0x00001492                TIMER0_enuCallBackOVF
 .text.TIMER0_enuCallBackCTC
                0x000014e6       0x54 ./MCAL/TIMER/TIMER0/TIMER0_prog.o
                0x000014e6                TIMER0_enuCallBackCTC
 .text.TIMER0_enuEnableOVFINTERRUPT
                0x0000153a       0x28 ./MCAL/TIMER/TIMER0/TIMER0_prog.o
                0x0000153a                TIMER0_enuEnableOVFINTERRUPT
 .text.TIMER0_enuEnableCTCINTERRUPT
                0x00001562       0x28 ./MCAL/TIMER/TIMER0/TIMER0_prog.o
                0x00001562                TIMER0_enuEnableCTCINTERRUPT
 .text.TIMER0_enuSetAsychDelay
                0x0000158a      0x1d4 ./MCAL/TIMER/TIMER0/TIMER0_prog.o
                0x0000158a                TIMER0_enuSetAsychDelay
 .text.TIMER0_enuSetSychDelay
                0x0000175e      0x1fc ./MCAL/TIMER/TIMER0/TIMER0_prog.o
                0x0000175e                TIMER0_enuSetSychDelay
 .text.__vector_11
                0x0000195a      0x1b6 ./MCAL/TIMER/TIMER0/TIMER0_prog.o
                0x0000195a                __vector_11
 .text.__vector_10
                0x00001b10       0x6e ./MCAL/TIMER/TIMER0/TIMER0_prog.o
                0x00001b10                __vector_10
 .text.ICU_enuInit
                0x00001b7e       0x28 ./MCAL/TIMER/ICU_HW/ICU_HW_prog.o
                0x00001b7e                ICU_enuInit
 .text.ICU_enuEnableINTERRUPT
                0x00001ba6       0x28 ./MCAL/TIMER/ICU_HW/ICU_HW_prog.o
                0x00001ba6                ICU_enuEnableINTERRUPT
 .text.ICU_enuDisableINTERRUPT
                0x00001bce       0x28 ./MCAL/TIMER/ICU_HW/ICU_HW_prog.o
                0x00001bce                ICU_enuDisableINTERRUPT
 .text.ICU_enuSetTriggerEdge
                0x00001bf6       0x52 ./MCAL/TIMER/ICU_HW/ICU_HW_prog.o
                0x00001bf6                ICU_enuSetTriggerEdge
 .text.ICU_enuReadInputCapture
                0x00001c48       0x34 ./MCAL/TIMER/ICU_HW/ICU_HW_prog.o
                0x00001c48                ICU_enuReadInputCapture
 .text.ICU_enuCallBack
                0x00001c7c       0x54 ./MCAL/TIMER/ICU_HW/ICU_HW_prog.o
                0x00001c7c                ICU_enuCallBack
 .text.__vector_6
                0x00001cd0       0x6e ./MCAL/TIMER/ICU_HW/ICU_HW_prog.o
                0x00001cd0                __vector_6
 .text.GIE_enuEnable
                0x00001d3e       0x28 ./MCAL/GIE/GIE_prog.o
                0x00001d3e                GIE_enuEnable
 .text.GIE_enuDisable
                0x00001d66       0x28 ./MCAL/GIE/GIE_prog.o
                0x00001d66                GIE_enuDisable
 .text.EINT_enuInit
                0x00001d8e      0x2c0 ./MCAL/EINT/INT_prog.o
                0x00001d8e                EINT_enuInit
 .text.EINT_enuEnableINT
                0x0000204e       0x8c ./MCAL/EINT/INT_prog.o
                0x0000204e                EINT_enuEnableINT
 .text.EINT_enuDisableINT
                0x000020da       0x8c ./MCAL/EINT/INT_prog.o
                0x000020da                EINT_enuDisableINT
 .text.EINT_enuSelectSenceLevel
                0x00002166      0x220 ./MCAL/EINT/INT_prog.o
                0x00002166                EINT_enuSelectSenceLevel
 .text.EINT_enuCallBack
                0x00002386       0x7c ./MCAL/EINT/INT_prog.o
                0x00002386                EINT_enuCallBack
 .text.__vector_1
                0x00002402       0x6e ./MCAL/EINT/INT_prog.o
                0x00002402                __vector_1
 .text.__vector_2
                0x00002470       0x6e ./MCAL/EINT/INT_prog.o
                0x00002470                __vector_2
 .text.__vector_3
                0x000024de       0x6e ./MCAL/EINT/INT_prog.o
                0x000024de                __vector_3
 .text.DIO_enuInit
                0x0000254c       0x58 ./MCAL/DIO/DIO_prog.o
                0x0000254c                DIO_enuInit
 .text.DIO_enuSetPortDirection
                0x000025a4       0x9a ./MCAL/DIO/DIO_prog.o
                0x000025a4                DIO_enuSetPortDirection
 .text.DIO_enuSetPortValue
                0x0000263e       0x9a ./MCAL/DIO/DIO_prog.o
                0x0000263e                DIO_enuSetPortValue
 .text.DIO_enuTogPortValue
                0x000026d8       0xae ./MCAL/DIO/DIO_prog.o
                0x000026d8                DIO_enuTogPortValue
 .text.DIO_enuGetPortValue
                0x00002786       0xba ./MCAL/DIO/DIO_prog.o
                0x00002786                DIO_enuGetPortValue
 .text.DIO_enuSetPinDirection
                0x00002840      0x1d8 ./MCAL/DIO/DIO_prog.o
                0x00002840                DIO_enuSetPinDirection
 .text.DIO_enuSetPinValue
                0x00002a18      0x1d8 ./MCAL/DIO/DIO_prog.o
                0x00002a18                DIO_enuSetPinValue
 .text.DIO_enuTogPinValue
                0x00002bf0      0x11c ./MCAL/DIO/DIO_prog.o
                0x00002bf0                DIO_enuTogPinValue
 .text.DIO_enuGetPinValue
                0x00002d0c      0x138 ./MCAL/DIO/DIO_prog.o
                0x00002d0c                DIO_enuGetPinValue
 .text.ADC_enuInit
                0x00002e44       0x76 ./MCAL/ADC/ADC_prog.o
                0x00002e44                ADC_enuInit
 .text.ADC_enuStartConversion
                0x00002eba       0x28 ./MCAL/ADC/ADC_prog.o
                0x00002eba                ADC_enuStartConversion
 .text.ADC_enuPollingSystem
                0x00002ee2       0x3e ./MCAL/ADC/ADC_prog.o
                0x00002ee2                ADC_enuPollingSystem
 .text.ADC_enuReadHighValue
                0x00002f20       0x30 ./MCAL/ADC/ADC_prog.o
                0x00002f20                ADC_enuReadHighValue
 .text.ADC_enuRead
                0x00002f50       0x64 ./MCAL/ADC/ADC_prog.o
                0x00002f50                ADC_enuRead
 .text.ADC_enuCallBack
                0x00002fb4       0x54 ./MCAL/ADC/ADC_prog.o
                0x00002fb4                ADC_enuCallBack
 .text.ADC_enuSelectChannel
                0x00003008       0x48 ./MCAL/ADC/ADC_prog.o
                0x00003008                ADC_enuSelectChannel
 .text.ADC_enuEnableTriggeringMode
                0x00003050      0x234 ./MCAL/ADC/ADC_prog.o
                0x00003050                ADC_enuEnableTriggeringMode
 .text.ADC_enuDisableTriggeringMode
                0x00003284       0x28 ./MCAL/ADC/ADC_prog.o
                0x00003284                ADC_enuDisableTriggeringMode
 .text.ADC_enuEnableInterruptMode
                0x000032ac       0x28 ./MCAL/ADC/ADC_prog.o
                0x000032ac                ADC_enuEnableInterruptMode
 .text.ADC_enuDisableInterruptMode
                0x000032d4       0x28 ./MCAL/ADC/ADC_prog.o
                0x000032d4                ADC_enuDisableInterruptMode
 .text.ADC_enuEnable
                0x000032fc       0x28 ./MCAL/ADC/ADC_prog.o
                0x000032fc                ADC_enuEnable
 .text.ADC_enuDisable
                0x00003324       0x28 ./MCAL/ADC/ADC_prog.o
                0x00003324                ADC_enuDisable
 .text.__vector_16
                0x0000334c       0x6e ./MCAL/ADC/ADC_prog.o
                0x0000334c                __vector_16
 .text.LM35_enuInit
                0x000033ba       0x78 ./HAL/LM35/LM35_prog.o
                0x000033ba                LM35_enuInit
 .text.LM35_enuGetTemp
                0x00003432       0x7c ./HAL/LM35/LM35_prog.o
                0x00003432                LM35_enuGetTemp
 .text.LCD_enuInit
                0x000034ae      0x572 ./HAL/LCD/LCD_prog.o
                0x000034ae                LCD_enuInit
 .text.LCD_enuDisplayChar
                0x00003a20       0x2c ./HAL/LCD/LCD_prog.o
                0x00003a20                LCD_enuDisplayChar
 .text.LCD_enuDisplayString
                0x00003a4c       0x52 ./HAL/LCD/LCD_prog.o
                0x00003a4c                LCD_enuDisplayString
 .text.LCD_enuSendCommand
                0x00003a9e       0x2c ./HAL/LCD/LCD_prog.o
                0x00003a9e                LCD_enuSendCommand
 .text.LCD_enuGoToPosition
                0x00003aca       0x54 ./HAL/LCD/LCD_prog.o
                0x00003aca                LCD_enuGoToPosition
 .text.LCD_enuDisplayNum
                0x00003b1e      0x14c ./HAL/LCD/LCD_prog.o
                0x00003b1e                LCD_enuDisplayNum
 .text.LCD_enuSendSpecialNumber
                0x00003c6a      0x14a ./HAL/LCD/LCD_prog.o
                0x00003c6a                LCD_enuSendSpecialNumber
 .text.POWER_u32PowerNumbers
                0x00003db4       0x84 ./HAL/LCD/LCD_prog.o
                0x00003db4                POWER_u32PowerNumbers
 .text.LCD_vidLatch
                0x00003e38      0x2ba ./HAL/LCD/LCD_prog.o
 .text.LCD_invidSendCommand
                0x000040f2      0x1e0 ./HAL/LCD/LCD_prog.o
 .text.LCD_enuClearLcd
                0x000042d2       0x1e ./HAL/LCD/LCD_prog.o
                0x000042d2                LCD_enuClearLcd
 .text.LED      0x000042f0       0x40 ./APP/main.o
                0x000042f0                LED
 .text.sev_seg  0x00004330       0xce ./APP/main.o
                0x00004330                sev_seg
 .text.PWM      0x000043fe       0x7e ./APP/main.o
                0x000043fe                PWM
 .text.Map      0x0000447c      0x122 ./APP/main.o
                0x0000447c                Map
 .text.ICU_SW   0x0000459e       0x7a ./APP/main.o
                0x0000459e                ICU_SW
 .text.ICU_HW   0x00004618       0x96 ./APP/main.o
                0x00004618                ICU_HW
 .text.tog      0x000046ae       0x20 ./APP/main.o
                0x000046ae                tog
 .text.main     0x000046ce       0x3c ./APP/main.o
                0x000046ce                main
 .text.libgcc   0x0000470a       0x3e d:/aya/downloads/eclipse/sdk_win_64/sdk_win_64/winavr/bin/../lib/gcc/avr/4.3.3/avr5\libgcc.a(_mulsi3.o)
                0x0000470a                __mulsi3
 .text.libgcc   0x00004748       0x44 d:/aya/downloads/eclipse/sdk_win_64/sdk_win_64/winavr/bin/../lib/gcc/avr/4.3.3/avr5\libgcc.a(_udivmodsi4.o)
                0x00004748                __udivmodsi4
 .text.libgcc   0x0000478c       0x36 d:/aya/downloads/eclipse/sdk_win_64/sdk_win_64/winavr/bin/../lib/gcc/avr/4.3.3/avr5\libgcc.a(_divmodsi4.o)
                0x0000478c                __divmodsi4
 .text.libgcc   0x000047c2        0x0 d:/aya/downloads/eclipse/sdk_win_64/sdk_win_64/winavr/bin/../lib/gcc/avr/4.3.3/avr5\libgcc.a(_exit.o)
 .text.libgcc   0x000047c2        0x0 d:/aya/downloads/eclipse/sdk_win_64/sdk_win_64/winavr/bin/../lib/gcc/avr/4.3.3/avr5\libgcc.a(_copy_data.o)
 .text.libgcc   0x000047c2        0x0 d:/aya/downloads/eclipse/sdk_win_64/sdk_win_64/winavr/bin/../lib/gcc/avr/4.3.3/avr5\libgcc.a(_clear_bss.o)
 .text.libgcc   0x000047c2       0x38 d:/aya/downloads/eclipse/sdk_win_64/sdk_win_64/winavr/bin/../lib/gcc/avr/4.3.3/avr5\libgcc.a(_prologue.o)
                0x000047c2                __prologue_saves__
 .text.libgcc   0x000047fa       0x36 d:/aya/downloads/eclipse/sdk_win_64/sdk_win_64/winavr/bin/../lib/gcc/avr/4.3.3/avr5\libgcc.a(_epilogue.o)
                0x000047fa                __epilogue_restores__
                0x00004830                . = ALIGN (0x2)
 *(.fini9)
 .fini9         0x00004830        0x0 d:/aya/downloads/eclipse/sdk_win_64/sdk_win_64/winavr/bin/../lib/gcc/avr/4.3.3/avr5\libgcc.a(_exit.o)
                0x00004830                exit
                0x00004830                _exit
 *(.fini9)
 *(.fini8)
 *(.fini8)
 *(.fini7)
 *(.fini7)
 *(.fini6)
 *(.fini6)
 *(.fini5)
 *(.fini5)
 *(.fini4)
 *(.fini4)
 *(.fini3)
 *(.fini3)
 *(.fini2)
 *(.fini2)
 *(.fini1)
 *(.fini1)
 *(.fini0)
 .fini0         0x00004830        0x4 d:/aya/downloads/eclipse/sdk_win_64/sdk_win_64/winavr/bin/../lib/gcc/avr/4.3.3/avr5\libgcc.a(_exit.o)
 *(.fini0)
                0x00004834                _etext = .

.data           0x00800060      0x138 load address 0x00004834
                0x00800060                PROVIDE (__data_start, .)
 *(.data)
 .data          0x00800060        0x0 d:/aya/downloads/eclipse/sdk_win_64/sdk_win_64/winavr/bin/../lib/gcc/avr/4.3.3/../../../../avr/lib/avr5/crtm32.o
 .data          0x00800060        0x0 ./MCAL/TIMER/WATCHDOG/WDT_prog.o
 .data          0x00800060        0x0 ./MCAL/TIMER/TIMER1/TIMER1_prog.o
 .data          0x00800060        0x0 ./MCAL/TIMER/TIMER0/TIMER0_prog.o
 .data          0x00800060        0x0 ./MCAL/TIMER/ICU_HW/ICU_HW_prog.o
 .data          0x00800060        0x0 ./MCAL/GIE/GIE_prog.o
 .data          0x00800060        0x0 ./MCAL/EINT/INT_config.o
 .data          0x00800060        0x0 ./MCAL/EINT/INT_prog.o
 .data          0x00800060        0x0 ./MCAL/DIO/DIO_prog.o
 .data          0x00800060        0x0 ./MCAL/ADC/ADC_prog.o
 .data          0x00800060        0x0 ./HAL/LM35/LM35_config.o
 .data          0x00800060        0x0 ./HAL/LM35/LM35_prog.o
 .data          0x00800060        0x0 ./HAL/LCD/LCD_prog.o
 .data          0x00800060        0x0 ./APP/main.o
 .data          0x00800060        0x0 d:/aya/downloads/eclipse/sdk_win_64/sdk_win_64/winavr/bin/../lib/gcc/avr/4.3.3/avr5\libgcc.a(_mulsi3.o)
 .data          0x00800060        0x0 d:/aya/downloads/eclipse/sdk_win_64/sdk_win_64/winavr/bin/../lib/gcc/avr/4.3.3/avr5\libgcc.a(_udivmodsi4.o)
 .data          0x00800060        0x0 d:/aya/downloads/eclipse/sdk_win_64/sdk_win_64/winavr/bin/../lib/gcc/avr/4.3.3/avr5\libgcc.a(_divmodsi4.o)
 .data          0x00800060        0x0 d:/aya/downloads/eclipse/sdk_win_64/sdk_win_64/winavr/bin/../lib/gcc/avr/4.3.3/avr5\libgcc.a(_exit.o)
 .data          0x00800060        0x0 d:/aya/downloads/eclipse/sdk_win_64/sdk_win_64/winavr/bin/../lib/gcc/avr/4.3.3/avr5\libgcc.a(_copy_data.o)
 .data          0x00800060        0x0 d:/aya/downloads/eclipse/sdk_win_64/sdk_win_64/winavr/bin/../lib/gcc/avr/4.3.3/avr5\libgcc.a(_clear_bss.o)
 .data          0x00800060        0x0 d:/aya/downloads/eclipse/sdk_win_64/sdk_win_64/winavr/bin/../lib/gcc/avr/4.3.3/avr5\libgcc.a(_fixunssfsi.o)
 .data          0x00800060        0x0 d:/aya/downloads/eclipse/sdk_win_64/sdk_win_64/winavr/bin/../lib/gcc/avr/4.3.3/avr5\libgcc.a(_addsub_sf.o)
 .data          0x00800060        0x0 d:/aya/downloads/eclipse/sdk_win_64/sdk_win_64/winavr/bin/../lib/gcc/avr/4.3.3/avr5\libgcc.a(_mul_sf.o)
 .data          0x00800060        0x0 d:/aya/downloads/eclipse/sdk_win_64/sdk_win_64/winavr/bin/../lib/gcc/avr/4.3.3/avr5\libgcc.a(_div_sf.o)
 .data          0x00800060        0x0 d:/aya/downloads/eclipse/sdk_win_64/sdk_win_64/winavr/bin/../lib/gcc/avr/4.3.3/avr5\libgcc.a(_ne_sf.o)
 .data          0x00800060        0x0 d:/aya/downloads/eclipse/sdk_win_64/sdk_win_64/winavr/bin/../lib/gcc/avr/4.3.3/avr5\libgcc.a(_gt_sf.o)
 .data          0x00800060        0x0 d:/aya/downloads/eclipse/sdk_win_64/sdk_win_64/winavr/bin/../lib/gcc/avr/4.3.3/avr5\libgcc.a(_ge_sf.o)
 .data          0x00800060        0x0 d:/aya/downloads/eclipse/sdk_win_64/sdk_win_64/winavr/bin/../lib/gcc/avr/4.3.3/avr5\libgcc.a(_lt_sf.o)
 .data          0x00800060        0x0 d:/aya/downloads/eclipse/sdk_win_64/sdk_win_64/winavr/bin/../lib/gcc/avr/4.3.3/avr5\libgcc.a(_sf_to_si.o)
 .data          0x00800060        0x8 d:/aya/downloads/eclipse/sdk_win_64/sdk_win_64/winavr/bin/../lib/gcc/avr/4.3.3/avr5\libgcc.a(_thenan_sf.o)
                0x00800060                __thenan_sf
 .data          0x00800068        0x0 d:/aya/downloads/eclipse/sdk_win_64/sdk_win_64/winavr/bin/../lib/gcc/avr/4.3.3/avr5\libgcc.a(_usi_to_sf.o)
 .data          0x00800068        0x0 d:/aya/downloads/eclipse/sdk_win_64/sdk_win_64/winavr/bin/../lib/gcc/avr/4.3.3/avr5\libgcc.a(_prologue.o)
 .data          0x00800068        0x0 d:/aya/downloads/eclipse/sdk_win_64/sdk_win_64/winavr/bin/../lib/gcc/avr/4.3.3/avr5\libgcc.a(_epilogue.o)
 .data          0x00800068        0x0 d:/aya/downloads/eclipse/sdk_win_64/sdk_win_64/winavr/bin/../lib/gcc/avr/4.3.3/avr5\libgcc.a(_clzsi2.o)
 .data          0x00800068        0x0 d:/aya/downloads/eclipse/sdk_win_64/sdk_win_64/winavr/bin/../lib/gcc/avr/4.3.3/avr5\libgcc.a(_pack_sf.o)
 .data          0x00800068        0x0 d:/aya/downloads/eclipse/sdk_win_64/sdk_win_64/winavr/bin/../lib/gcc/avr/4.3.3/avr5\libgcc.a(_unpack_sf.o)
 .data          0x00800068        0x0 d:/aya/downloads/eclipse/sdk_win_64/sdk_win_64/winavr/bin/../lib/gcc/avr/4.3.3/avr5\libgcc.a(_fpcmp_parts_sf.o)
 .data          0x00800068      0x100 d:/aya/downloads/eclipse/sdk_win_64/sdk_win_64/winavr/bin/../lib/gcc/avr/4.3.3/avr5\libgcc.a(_clz.o)
                0x00800068                __clz_tab
 *(.data*)
 .data.ISR_u32ActionCounter
                0x00800168        0x4 ./MCAL/TIMER/TIMER0/TIMER0_prog.o
                0x00800168                ISR_u32ActionCounter
 .data.EINT_tstrEINTcofig
                0x0080016c        0x6 ./MCAL/EINT/INT_config.o
                0x0080016c                EINT_tstrEINTcofig
 .data.LM35_AstrLM35Config
                0x00800172       0x10 ./HAL/LM35/LM35_config.o
                0x00800172                LM35_AstrLM35Config
 .data.Array_u8Num
                0x00800182        0xa ./HAL/LCD/LCD_prog.o
                0x00800182                Array_u8Num
 .data.segCthd  0x0080018c        0xa ./APP/main.o
                0x0080018c                segCthd
 .data.counter  0x00800196        0x1 ./APP/main.o
                0x00800196                counter
 *(.rodata)
 *(.rodata*)
 *(.gnu.linkonce.d*)
                0x00800198                . = ALIGN (0x2)
 *fill*         0x00800197        0x1 00
                0x00800198                _edata = .
                0x00800198                PROVIDE (__data_end, .)

.bss            0x00800198       0x58
                0x00800198                PROVIDE (__bss_start, .)
 *(.bss)
 .bss           0x00800198        0x0 d:/aya/downloads/eclipse/sdk_win_64/sdk_win_64/winavr/bin/../lib/gcc/avr/4.3.3/../../../../avr/lib/avr5/crtm32.o
 .bss           0x00800198        0x0 ./MCAL/TIMER/WATCHDOG/WDT_prog.o
 .bss           0x00800198        0x0 ./MCAL/TIMER/TIMER1/TIMER1_prog.o
 .bss           0x00800198        0x0 ./MCAL/TIMER/TIMER0/TIMER0_prog.o
 .bss           0x00800198        0x0 ./MCAL/TIMER/ICU_HW/ICU_HW_prog.o
 .bss           0x00800198        0x0 ./MCAL/GIE/GIE_prog.o
 .bss           0x00800198        0x0 ./MCAL/EINT/INT_config.o
 .bss           0x00800198        0x0 ./MCAL/EINT/INT_prog.o
 .bss           0x00800198        0x0 ./MCAL/DIO/DIO_prog.o
 .bss           0x00800198        0x0 ./MCAL/ADC/ADC_prog.o
 .bss           0x00800198        0x0 ./HAL/LM35/LM35_config.o
 .bss           0x00800198        0x0 ./HAL/LM35/LM35_prog.o
 .bss           0x00800198        0x0 ./HAL/LCD/LCD_prog.o
 .bss           0x00800198        0x0 ./APP/main.o
 .bss           0x00800198        0x0 d:/aya/downloads/eclipse/sdk_win_64/sdk_win_64/winavr/bin/../lib/gcc/avr/4.3.3/avr5\libgcc.a(_mulsi3.o)
 .bss           0x00800198        0x0 d:/aya/downloads/eclipse/sdk_win_64/sdk_win_64/winavr/bin/../lib/gcc/avr/4.3.3/avr5\libgcc.a(_udivmodsi4.o)
 .bss           0x00800198        0x0 d:/aya/downloads/eclipse/sdk_win_64/sdk_win_64/winavr/bin/../lib/gcc/avr/4.3.3/avr5\libgcc.a(_divmodsi4.o)
 .bss           0x00800198        0x0 d:/aya/downloads/eclipse/sdk_win_64/sdk_win_64/winavr/bin/../lib/gcc/avr/4.3.3/avr5\libgcc.a(_exit.o)
 .bss           0x00800198        0x0 d:/aya/downloads/eclipse/sdk_win_64/sdk_win_64/winavr/bin/../lib/gcc/avr/4.3.3/avr5\libgcc.a(_copy_data.o)
 .bss           0x00800198        0x0 d:/aya/downloads/eclipse/sdk_win_64/sdk_win_64/winavr/bin/../lib/gcc/avr/4.3.3/avr5\libgcc.a(_clear_bss.o)
 .bss           0x00800198        0x0 d:/aya/downloads/eclipse/sdk_win_64/sdk_win_64/winavr/bin/../lib/gcc/avr/4.3.3/avr5\libgcc.a(_fixunssfsi.o)
 .bss           0x00800198        0x0 d:/aya/downloads/eclipse/sdk_win_64/sdk_win_64/winavr/bin/../lib/gcc/avr/4.3.3/avr5\libgcc.a(_addsub_sf.o)
 .bss           0x00800198        0x0 d:/aya/downloads/eclipse/sdk_win_64/sdk_win_64/winavr/bin/../lib/gcc/avr/4.3.3/avr5\libgcc.a(_mul_sf.o)
 .bss           0x00800198        0x0 d:/aya/downloads/eclipse/sdk_win_64/sdk_win_64/winavr/bin/../lib/gcc/avr/4.3.3/avr5\libgcc.a(_div_sf.o)
 .bss           0x00800198        0x0 d:/aya/downloads/eclipse/sdk_win_64/sdk_win_64/winavr/bin/../lib/gcc/avr/4.3.3/avr5\libgcc.a(_ne_sf.o)
 .bss           0x00800198        0x0 d:/aya/downloads/eclipse/sdk_win_64/sdk_win_64/winavr/bin/../lib/gcc/avr/4.3.3/avr5\libgcc.a(_gt_sf.o)
 .bss           0x00800198        0x0 d:/aya/downloads/eclipse/sdk_win_64/sdk_win_64/winavr/bin/../lib/gcc/avr/4.3.3/avr5\libgcc.a(_ge_sf.o)
 .bss           0x00800198        0x0 d:/aya/downloads/eclipse/sdk_win_64/sdk_win_64/winavr/bin/../lib/gcc/avr/4.3.3/avr5\libgcc.a(_lt_sf.o)
 .bss           0x00800198        0x0 d:/aya/downloads/eclipse/sdk_win_64/sdk_win_64/winavr/bin/../lib/gcc/avr/4.3.3/avr5\libgcc.a(_sf_to_si.o)
 .bss           0x00800198        0x0 d:/aya/downloads/eclipse/sdk_win_64/sdk_win_64/winavr/bin/../lib/gcc/avr/4.3.3/avr5\libgcc.a(_thenan_sf.o)
 .bss           0x00800198        0x0 d:/aya/downloads/eclipse/sdk_win_64/sdk_win_64/winavr/bin/../lib/gcc/avr/4.3.3/avr5\libgcc.a(_usi_to_sf.o)
 .bss           0x00800198        0x0 d:/aya/downloads/eclipse/sdk_win_64/sdk_win_64/winavr/bin/../lib/gcc/avr/4.3.3/avr5\libgcc.a(_prologue.o)
 .bss           0x00800198        0x0 d:/aya/downloads/eclipse/sdk_win_64/sdk_win_64/winavr/bin/../lib/gcc/avr/4.3.3/avr5\libgcc.a(_epilogue.o)
 .bss           0x00800198        0x0 d:/aya/downloads/eclipse/sdk_win_64/sdk_win_64/winavr/bin/../lib/gcc/avr/4.3.3/avr5\libgcc.a(_clzsi2.o)
 .bss           0x00800198        0x0 d:/aya/downloads/eclipse/sdk_win_64/sdk_win_64/winavr/bin/../lib/gcc/avr/4.3.3/avr5\libgcc.a(_pack_sf.o)
 .bss           0x00800198        0x0 d:/aya/downloads/eclipse/sdk_win_64/sdk_win_64/winavr/bin/../lib/gcc/avr/4.3.3/avr5\libgcc.a(_unpack_sf.o)
 .bss           0x00800198        0x0 d:/aya/downloads/eclipse/sdk_win_64/sdk_win_64/winavr/bin/../lib/gcc/avr/4.3.3/avr5\libgcc.a(_fpcmp_parts_sf.o)
 .bss           0x00800198        0x0 d:/aya/downloads/eclipse/sdk_win_64/sdk_win_64/winavr/bin/../lib/gcc/avr/4.3.3/avr5\libgcc.a(_clz.o)
 *(.bss*)
 .bss.TIMER1_APfunCallBack
                0x00800198        0x6 ./MCAL/TIMER/TIMER1/TIMER1_prog.o
 .bss.TIMER1_APvidParameter
                0x0080019e        0x6 ./MCAL/TIMER/TIMER1/TIMER1_prog.o
 .bss.TIMER0_u8NumberOfOverflow
                0x008001a4        0x1 ./MCAL/TIMER/TIMER0/TIMER0_prog.o
                0x008001a4                TIMER0_u8NumberOfOverflow
 .bss.TIMER0_u8Preload
                0x008001a5        0x1 ./MCAL/TIMER/TIMER0/TIMER0_prog.o
                0x008001a5                TIMER0_u8Preload
 .bss.TIMER0_u32StartDelay
                0x008001a6        0x4 ./MCAL/TIMER/TIMER0/TIMER0_prog.o
                0x008001a6                TIMER0_u32StartDelay
 .bss.TIMER0_u32StopTime
                0x008001aa        0x4 ./MCAL/TIMER/TIMER0/TIMER0_prog.o
                0x008001aa                TIMER0_u32StopTime
 .bss.ISR_u32Counter
                0x008001ae        0x4 ./MCAL/TIMER/TIMER0/TIMER0_prog.o
                0x008001ae                ISR_u32Counter
 .bss.TIMER0_APfunCallBack
                0x008001b2        0x6 ./MCAL/TIMER/TIMER0/TIMER0_prog.o
 .bss.TIMER0_APvidParameter
                0x008001b8        0x6 ./MCAL/TIMER/TIMER0/TIMER0_prog.o
 .bss.Timer0_NumOVF
                0x008001be        0x4 ./MCAL/TIMER/TIMER0/TIMER0_prog.o
 .bss.Timer0_Preload
                0x008001c2        0x4 ./MCAL/TIMER/TIMER0/TIMER0_prog.o
 .bss.ICU_PvCallBackFunc
                0x008001c6        0x2 ./MCAL/TIMER/ICU_HW/ICU_HW_prog.o
 .bss.ICU_PvCallBackParameter
                0x008001c8        0x2 ./MCAL/TIMER/ICU_HW/ICU_HW_prog.o
 .bss.EINT_pfunINT
                0x008001ca        0x6 ./MCAL/EINT/INT_prog.o
 .bss.EINT_ApvoidINT
                0x008001d0        0x6 ./MCAL/EINT/INT_prog.o
 .bss.ADC_pfunISRFun
                0x008001d6        0x2 ./MCAL/ADC/ADC_prog.o
 .bss.ADC_pvidISRParameter
                0x008001d8        0x2 ./MCAL/ADC/ADC_prog.o
 .bss.Local_u16Counter.1435
                0x008001da        0x2 ./APP/main.o
 .bss.i.1451    0x008001dc        0x1 ./APP/main.o
 .bss.Local_u16Counter.1450
                0x008001dd        0x2 ./APP/main.o
 .bss.Local_u8Counter.1481
                0x008001df        0x1 ./APP/main.o
 .bss.PeriodTicks
                0x008001e0        0x2 ./APP/main.o
 .bss.counter.1517
                0x008001e2        0x1 ./APP/main.o
 .bss.Read3.1540
                0x008001e3        0x2 ./APP/main.o
 .bss.Read2.1539
                0x008001e5        0x2 ./APP/main.o
 .bss.Read1.1538
                0x008001e7        0x2 ./APP/main.o
 .bss.counter.1537
                0x008001e9        0x1 ./APP/main.o
 .bss.ONTimeTicks
                0x008001ea        0x2 ./APP/main.o
 *(COMMON)
 COMMON         0x008001ec        0x4 ./APP/main.o
                0x008001ec                sw1State
                0x008001ed                sw2State
                0x008001ee                deci
                0x008001ef                one
                0x008001f0                PROVIDE (__bss_end, .)
                0x00004834                __data_load_start = LOADADDR (.data)
                0x0000496c                __data_load_end = (__data_load_start + SIZEOF (.data))

.noinit         0x008001f0        0x0
                0x008001f0                PROVIDE (__noinit_start, .)
 *(.noinit*)
                0x008001f0                PROVIDE (__noinit_end, .)
                0x008001f0                _end = .
                0x008001f0                PROVIDE (__heap_start, .)

.eeprom         0x00810000        0x0
 *(.eeprom*)
                0x00810000                __eeprom_end = .

.fuse
 *(.fuse)
 *(.lfuse)
 *(.hfuse)
 *(.efuse)

.lock
 *(.lock*)

.signature
 *(.signature*)

.stab           0x00000000     0x5a6c
 *(.stab)
 .stab          0x00000000      0x354 ./MCAL/TIMER/WATCHDOG/WDT_prog.o
 .stab          0x00000354      0x738 ./MCAL/TIMER/TIMER1/TIMER1_prog.o
                                0x744 (size before relaxing)
 .stab          0x00000a8c      0xb64 ./MCAL/TIMER/TIMER0/TIMER0_prog.o
                                0xb70 (size before relaxing)
 .stab          0x000015f0      0x558 ./MCAL/TIMER/ICU_HW/ICU_HW_prog.o
                                0x564 (size before relaxing)
 .stab          0x00001b48      0x294 ./MCAL/GIE/GIE_prog.o
                                0x2a0 (size before relaxing)
 .stab          0x00001ddc      0x1d4 ./MCAL/EINT/INT_config.o
                                0x1e0 (size before relaxing)
 .stab          0x00001fb0      0x834 ./MCAL/EINT/INT_prog.o
                                0x90c (size before relaxing)
 .stab          0x000027e4      0x9c0 ./MCAL/DIO/DIO_prog.o
                                0x9cc (size before relaxing)
 .stab          0x000031a4      0xaa4 ./MCAL/ADC/ADC_prog.o
                                0xab0 (size before relaxing)
 .stab          0x00003c48      0x1d4 ./HAL/LM35/LM35_config.o
                                0x1e0 (size before relaxing)
 .stab          0x00003e1c      0x264 ./HAL/LM35/LM35_prog.o
                                0x33c (size before relaxing)
 .stab          0x00004080     0x11e8 ./HAL/LCD/LCD_prog.o
                               0x11f4 (size before relaxing)
 .stab          0x00005268      0x804 ./APP/main.o
                                0x99c (size before relaxing)

.stabstr        0x00000000     0x21f1
 *(.stabstr)
 .stabstr       0x00000000     0x21f1 ./MCAL/TIMER/WATCHDOG/WDT_prog.o

.stab.excl
 *(.stab.excl)

.stab.exclstr
 *(.stab.exclstr)

.stab.index
 *(.stab.index)

.stab.indexstr
 *(.stab.indexstr)

.comment
 *(.comment)

.debug
 *(.debug)

.line
 *(.line)

.debug_srcinfo
 *(.debug_srcinfo)

.debug_sfnames
 *(.debug_sfnames)

.debug_aranges  0x00000000      0x1c0
 *(.debug_aranges)
 .debug_aranges
                0x00000000       0x20 d:/aya/downloads/eclipse/sdk_win_64/sdk_win_64/winavr/bin/../lib/gcc/avr/4.3.3/avr5\libgcc.a(_fixunssfsi.o)
 .debug_aranges
                0x00000020       0x20 d:/aya/downloads/eclipse/sdk_win_64/sdk_win_64/winavr/bin/../lib/gcc/avr/4.3.3/avr5\libgcc.a(_addsub_sf.o)
 .debug_aranges
                0x00000040       0x20 d:/aya/downloads/eclipse/sdk_win_64/sdk_win_64/winavr/bin/../lib/gcc/avr/4.3.3/avr5\libgcc.a(_mul_sf.o)
 .debug_aranges
                0x00000060       0x20 d:/aya/downloads/eclipse/sdk_win_64/sdk_win_64/winavr/bin/../lib/gcc/avr/4.3.3/avr5\libgcc.a(_div_sf.o)
 .debug_aranges
                0x00000080       0x20 d:/aya/downloads/eclipse/sdk_win_64/sdk_win_64/winavr/bin/../lib/gcc/avr/4.3.3/avr5\libgcc.a(_ne_sf.o)
 .debug_aranges
                0x000000a0       0x20 d:/aya/downloads/eclipse/sdk_win_64/sdk_win_64/winavr/bin/../lib/gcc/avr/4.3.3/avr5\libgcc.a(_gt_sf.o)
 .debug_aranges
                0x000000c0       0x20 d:/aya/downloads/eclipse/sdk_win_64/sdk_win_64/winavr/bin/../lib/gcc/avr/4.3.3/avr5\libgcc.a(_ge_sf.o)
 .debug_aranges
                0x000000e0       0x20 d:/aya/downloads/eclipse/sdk_win_64/sdk_win_64/winavr/bin/../lib/gcc/avr/4.3.3/avr5\libgcc.a(_lt_sf.o)
 .debug_aranges
                0x00000100       0x20 d:/aya/downloads/eclipse/sdk_win_64/sdk_win_64/winavr/bin/../lib/gcc/avr/4.3.3/avr5\libgcc.a(_sf_to_si.o)
 .debug_aranges
                0x00000120       0x20 d:/aya/downloads/eclipse/sdk_win_64/sdk_win_64/winavr/bin/../lib/gcc/avr/4.3.3/avr5\libgcc.a(_usi_to_sf.o)
 .debug_aranges
                0x00000140       0x20 d:/aya/downloads/eclipse/sdk_win_64/sdk_win_64/winavr/bin/../lib/gcc/avr/4.3.3/avr5\libgcc.a(_clzsi2.o)
 .debug_aranges
                0x00000160       0x20 d:/aya/downloads/eclipse/sdk_win_64/sdk_win_64/winavr/bin/../lib/gcc/avr/4.3.3/avr5\libgcc.a(_pack_sf.o)
 .debug_aranges
                0x00000180       0x20 d:/aya/downloads/eclipse/sdk_win_64/sdk_win_64/winavr/bin/../lib/gcc/avr/4.3.3/avr5\libgcc.a(_unpack_sf.o)
 .debug_aranges
                0x000001a0       0x20 d:/aya/downloads/eclipse/sdk_win_64/sdk_win_64/winavr/bin/../lib/gcc/avr/4.3.3/avr5\libgcc.a(_fpcmp_parts_sf.o)

.debug_pubnames
                0x00000000      0x210
 *(.debug_pubnames)
 .debug_pubnames
                0x00000000       0x23 d:/aya/downloads/eclipse/sdk_win_64/sdk_win_64/winavr/bin/../lib/gcc/avr/4.3.3/avr5\libgcc.a(_fixunssfsi.o)
 .debug_pubnames
                0x00000023       0x2c d:/aya/downloads/eclipse/sdk_win_64/sdk_win_64/winavr/bin/../lib/gcc/avr/4.3.3/avr5\libgcc.a(_addsub_sf.o)
 .debug_pubnames
                0x0000004f       0x1f d:/aya/downloads/eclipse/sdk_win_64/sdk_win_64/winavr/bin/../lib/gcc/avr/4.3.3/avr5\libgcc.a(_mul_sf.o)
 .debug_pubnames
                0x0000006e       0x1f d:/aya/downloads/eclipse/sdk_win_64/sdk_win_64/winavr/bin/../lib/gcc/avr/4.3.3/avr5\libgcc.a(_div_sf.o)
 .debug_pubnames
                0x0000008d       0x1e d:/aya/downloads/eclipse/sdk_win_64/sdk_win_64/winavr/bin/../lib/gcc/avr/4.3.3/avr5\libgcc.a(_ne_sf.o)
 .debug_pubnames
                0x000000ab       0x1e d:/aya/downloads/eclipse/sdk_win_64/sdk_win_64/winavr/bin/../lib/gcc/avr/4.3.3/avr5\libgcc.a(_gt_sf.o)
 .debug_pubnames
                0x000000c9       0x1e d:/aya/downloads/eclipse/sdk_win_64/sdk_win_64/winavr/bin/../lib/gcc/avr/4.3.3/avr5\libgcc.a(_ge_sf.o)
 .debug_pubnames
                0x000000e7       0x1e d:/aya/downloads/eclipse/sdk_win_64/sdk_win_64/winavr/bin/../lib/gcc/avr/4.3.3/avr5\libgcc.a(_lt_sf.o)
 .debug_pubnames
                0x00000105       0x20 d:/aya/downloads/eclipse/sdk_win_64/sdk_win_64/winavr/bin/../lib/gcc/avr/4.3.3/avr5\libgcc.a(_sf_to_si.o)
 .debug_pubnames
                0x00000125       0x22 d:/aya/downloads/eclipse/sdk_win_64/sdk_win_64/winavr/bin/../lib/gcc/avr/4.3.3/avr5\libgcc.a(_thenan_sf.o)
 .debug_pubnames
                0x00000147       0x24 d:/aya/downloads/eclipse/sdk_win_64/sdk_win_64/winavr/bin/../lib/gcc/avr/4.3.3/avr5\libgcc.a(_usi_to_sf.o)
 .debug_pubnames
                0x0000016b       0x1f d:/aya/downloads/eclipse/sdk_win_64/sdk_win_64/winavr/bin/../lib/gcc/avr/4.3.3/avr5\libgcc.a(_clzsi2.o)
 .debug_pubnames
                0x0000018a       0x1f d:/aya/downloads/eclipse/sdk_win_64/sdk_win_64/winavr/bin/../lib/gcc/avr/4.3.3/avr5\libgcc.a(_pack_sf.o)
 .debug_pubnames
                0x000001a9       0x21 d:/aya/downloads/eclipse/sdk_win_64/sdk_win_64/winavr/bin/../lib/gcc/avr/4.3.3/avr5\libgcc.a(_unpack_sf.o)
 .debug_pubnames
                0x000001ca       0x26 d:/aya/downloads/eclipse/sdk_win_64/sdk_win_64/winavr/bin/../lib/gcc/avr/4.3.3/avr5\libgcc.a(_fpcmp_parts_sf.o)
 .debug_pubnames
                0x000001f0       0x20 d:/aya/downloads/eclipse/sdk_win_64/sdk_win_64/winavr/bin/../lib/gcc/avr/4.3.3/avr5\libgcc.a(_clz.o)

.debug_info     0x00000000     0x268a
 *(.debug_info)
 .debug_info    0x00000000       0xb1 d:/aya/downloads/eclipse/sdk_win_64/sdk_win_64/winavr/bin/../lib/gcc/avr/4.3.3/avr5\libgcc.a(_fixunssfsi.o)
 .debug_info    0x000000b1      0x47a d:/aya/downloads/eclipse/sdk_win_64/sdk_win_64/winavr/bin/../lib/gcc/avr/4.3.3/avr5\libgcc.a(_addsub_sf.o)
 .debug_info    0x0000052b      0x485 d:/aya/downloads/eclipse/sdk_win_64/sdk_win_64/winavr/bin/../lib/gcc/avr/4.3.3/avr5\libgcc.a(_mul_sf.o)
 .debug_info    0x000009b0      0x3fc d:/aya/downloads/eclipse/sdk_win_64/sdk_win_64/winavr/bin/../lib/gcc/avr/4.3.3/avr5\libgcc.a(_div_sf.o)
 .debug_info    0x00000dac      0x27f d:/aya/downloads/eclipse/sdk_win_64/sdk_win_64/winavr/bin/../lib/gcc/avr/4.3.3/avr5\libgcc.a(_ne_sf.o)
 .debug_info    0x0000102b      0x27f d:/aya/downloads/eclipse/sdk_win_64/sdk_win_64/winavr/bin/../lib/gcc/avr/4.3.3/avr5\libgcc.a(_gt_sf.o)
 .debug_info    0x000012aa      0x27f d:/aya/downloads/eclipse/sdk_win_64/sdk_win_64/winavr/bin/../lib/gcc/avr/4.3.3/avr5\libgcc.a(_ge_sf.o)
 .debug_info    0x00001529      0x27f d:/aya/downloads/eclipse/sdk_win_64/sdk_win_64/winavr/bin/../lib/gcc/avr/4.3.3/avr5\libgcc.a(_lt_sf.o)
 .debug_info    0x000017a8      0x2b0 d:/aya/downloads/eclipse/sdk_win_64/sdk_win_64/winavr/bin/../lib/gcc/avr/4.3.3/avr5\libgcc.a(_sf_to_si.o)
 .debug_info    0x00001a58      0x12c d:/aya/downloads/eclipse/sdk_win_64/sdk_win_64/winavr/bin/../lib/gcc/avr/4.3.3/avr5\libgcc.a(_thenan_sf.o)
 .debug_info    0x00001b84      0x206 d:/aya/downloads/eclipse/sdk_win_64/sdk_win_64/winavr/bin/../lib/gcc/avr/4.3.3/avr5\libgcc.a(_usi_to_sf.o)
 .debug_info    0x00001d8a      0x117 d:/aya/downloads/eclipse/sdk_win_64/sdk_win_64/winavr/bin/../lib/gcc/avr/4.3.3/avr5\libgcc.a(_clzsi2.o)
 .debug_info    0x00001ea1      0x2df d:/aya/downloads/eclipse/sdk_win_64/sdk_win_64/winavr/bin/../lib/gcc/avr/4.3.3/avr5\libgcc.a(_pack_sf.o)
 .debug_info    0x00002180      0x251 d:/aya/downloads/eclipse/sdk_win_64/sdk_win_64/winavr/bin/../lib/gcc/avr/4.3.3/avr5\libgcc.a(_unpack_sf.o)
 .debug_info    0x000023d1      0x210 d:/aya/downloads/eclipse/sdk_win_64/sdk_win_64/winavr/bin/../lib/gcc/avr/4.3.3/avr5\libgcc.a(_fpcmp_parts_sf.o)
 .debug_info    0x000025e1       0xa9 d:/aya/downloads/eclipse/sdk_win_64/sdk_win_64/winavr/bin/../lib/gcc/avr/4.3.3/avr5\libgcc.a(_clz.o)
 *(.gnu.linkonce.wi.*)

.debug_abbrev   0x00000000     0x14e0
 *(.debug_abbrev)
 .debug_abbrev  0x00000000       0x5d d:/aya/downloads/eclipse/sdk_win_64/sdk_win_64/winavr/bin/../lib/gcc/avr/4.3.3/avr5\libgcc.a(_fixunssfsi.o)
 .debug_abbrev  0x0000005d      0x1ea d:/aya/downloads/eclipse/sdk_win_64/sdk_win_64/winavr/bin/../lib/gcc/avr/4.3.3/avr5\libgcc.a(_addsub_sf.o)
 .debug_abbrev  0x00000247      0x21b d:/aya/downloads/eclipse/sdk_win_64/sdk_win_64/winavr/bin/../lib/gcc/avr/4.3.3/avr5\libgcc.a(_mul_sf.o)
 .debug_abbrev  0x00000462      0x216 d:/aya/downloads/eclipse/sdk_win_64/sdk_win_64/winavr/bin/../lib/gcc/avr/4.3.3/avr5\libgcc.a(_div_sf.o)
 .debug_abbrev  0x00000678      0x15a d:/aya/downloads/eclipse/sdk_win_64/sdk_win_64/winavr/bin/../lib/gcc/avr/4.3.3/avr5\libgcc.a(_ne_sf.o)
 .debug_abbrev  0x000007d2      0x15a d:/aya/downloads/eclipse/sdk_win_64/sdk_win_64/winavr/bin/../lib/gcc/avr/4.3.3/avr5\libgcc.a(_gt_sf.o)
 .debug_abbrev  0x0000092c      0x15a d:/aya/downloads/eclipse/sdk_win_64/sdk_win_64/winavr/bin/../lib/gcc/avr/4.3.3/avr5\libgcc.a(_ge_sf.o)
 .debug_abbrev  0x00000a86      0x15a d:/aya/downloads/eclipse/sdk_win_64/sdk_win_64/winavr/bin/../lib/gcc/avr/4.3.3/avr5\libgcc.a(_lt_sf.o)
 .debug_abbrev  0x00000be0      0x17f d:/aya/downloads/eclipse/sdk_win_64/sdk_win_64/winavr/bin/../lib/gcc/avr/4.3.3/avr5\libgcc.a(_sf_to_si.o)
 .debug_abbrev  0x00000d5f       0xad d:/aya/downloads/eclipse/sdk_win_64/sdk_win_64/winavr/bin/../lib/gcc/avr/4.3.3/avr5\libgcc.a(_thenan_sf.o)
 .debug_abbrev  0x00000e0c      0x157 d:/aya/downloads/eclipse/sdk_win_64/sdk_win_64/winavr/bin/../lib/gcc/avr/4.3.3/avr5\libgcc.a(_usi_to_sf.o)
 .debug_abbrev  0x00000f63       0xc4 d:/aya/downloads/eclipse/sdk_win_64/sdk_win_64/winavr/bin/../lib/gcc/avr/4.3.3/avr5\libgcc.a(_clzsi2.o)
 .debug_abbrev  0x00001027      0x1c0 d:/aya/downloads/eclipse/sdk_win_64/sdk_win_64/winavr/bin/../lib/gcc/avr/4.3.3/avr5\libgcc.a(_pack_sf.o)
 .debug_abbrev  0x000011e7      0x154 d:/aya/downloads/eclipse/sdk_win_64/sdk_win_64/winavr/bin/../lib/gcc/avr/4.3.3/avr5\libgcc.a(_unpack_sf.o)
 .debug_abbrev  0x0000133b      0x13b d:/aya/downloads/eclipse/sdk_win_64/sdk_win_64/winavr/bin/../lib/gcc/avr/4.3.3/avr5\libgcc.a(_fpcmp_parts_sf.o)
 .debug_abbrev  0x00001476       0x6a d:/aya/downloads/eclipse/sdk_win_64/sdk_win_64/winavr/bin/../lib/gcc/avr/4.3.3/avr5\libgcc.a(_clz.o)

.debug_line     0x00000000     0x12a9
 *(.debug_line)
 .debug_line    0x00000000       0xa7 d:/aya/downloads/eclipse/sdk_win_64/sdk_win_64/winavr/bin/../lib/gcc/avr/4.3.3/avr5\libgcc.a(_fixunssfsi.o)
 .debug_line    0x000000a7      0x2af d:/aya/downloads/eclipse/sdk_win_64/sdk_win_64/winavr/bin/../lib/gcc/avr/4.3.3/avr5\libgcc.a(_addsub_sf.o)
 .debug_line    0x00000356      0x239 d:/aya/downloads/eclipse/sdk_win_64/sdk_win_64/winavr/bin/../lib/gcc/avr/4.3.3/avr5\libgcc.a(_mul_sf.o)
 .debug_line    0x0000058f      0x1d5 d:/aya/downloads/eclipse/sdk_win_64/sdk_win_64/winavr/bin/../lib/gcc/avr/4.3.3/avr5\libgcc.a(_div_sf.o)
 .debug_line    0x00000764       0xd3 d:/aya/downloads/eclipse/sdk_win_64/sdk_win_64/winavr/bin/../lib/gcc/avr/4.3.3/avr5\libgcc.a(_ne_sf.o)
 .debug_line    0x00000837       0xd3 d:/aya/downloads/eclipse/sdk_win_64/sdk_win_64/winavr/bin/../lib/gcc/avr/4.3.3/avr5\libgcc.a(_gt_sf.o)
 .debug_line    0x0000090a       0xd3 d:/aya/downloads/eclipse/sdk_win_64/sdk_win_64/winavr/bin/../lib/gcc/avr/4.3.3/avr5\libgcc.a(_ge_sf.o)
 .debug_line    0x000009dd       0xd3 d:/aya/downloads/eclipse/sdk_win_64/sdk_win_64/winavr/bin/../lib/gcc/avr/4.3.3/avr5\libgcc.a(_lt_sf.o)
 .debug_line    0x00000ab0      0x109 d:/aya/downloads/eclipse/sdk_win_64/sdk_win_64/winavr/bin/../lib/gcc/avr/4.3.3/avr5\libgcc.a(_sf_to_si.o)
 .debug_line    0x00000bb9       0x90 d:/aya/downloads/eclipse/sdk_win_64/sdk_win_64/winavr/bin/../lib/gcc/avr/4.3.3/avr5\libgcc.a(_thenan_sf.o)
 .debug_line    0x00000c49      0x133 d:/aya/downloads/eclipse/sdk_win_64/sdk_win_64/winavr/bin/../lib/gcc/avr/4.3.3/avr5\libgcc.a(_usi_to_sf.o)
 .debug_line    0x00000d7c       0xa5 d:/aya/downloads/eclipse/sdk_win_64/sdk_win_64/winavr/bin/../lib/gcc/avr/4.3.3/avr5\libgcc.a(_clzsi2.o)
 .debug_line    0x00000e21      0x18a d:/aya/downloads/eclipse/sdk_win_64/sdk_win_64/winavr/bin/../lib/gcc/avr/4.3.3/avr5\libgcc.a(_pack_sf.o)
 .debug_line    0x00000fab      0x14b d:/aya/downloads/eclipse/sdk_win_64/sdk_win_64/winavr/bin/../lib/gcc/avr/4.3.3/avr5\libgcc.a(_unpack_sf.o)
 .debug_line    0x000010f6      0x137 d:/aya/downloads/eclipse/sdk_win_64/sdk_win_64/winavr/bin/../lib/gcc/avr/4.3.3/avr5\libgcc.a(_fpcmp_parts_sf.o)
 .debug_line    0x0000122d       0x7c d:/aya/downloads/eclipse/sdk_win_64/sdk_win_64/winavr/bin/../lib/gcc/avr/4.3.3/avr5\libgcc.a(_clz.o)

.debug_frame    0x00000000      0x1e0
 *(.debug_frame)
 .debug_frame   0x00000000       0x20 d:/aya/downloads/eclipse/sdk_win_64/sdk_win_64/winavr/bin/../lib/gcc/avr/4.3.3/avr5\libgcc.a(_fixunssfsi.o)
 .debug_frame   0x00000020       0x40 d:/aya/downloads/eclipse/sdk_win_64/sdk_win_64/winavr/bin/../lib/gcc/avr/4.3.3/avr5\libgcc.a(_addsub_sf.o)
 .debug_frame   0x00000060       0x20 d:/aya/downloads/eclipse/sdk_win_64/sdk_win_64/winavr/bin/../lib/gcc/avr/4.3.3/avr5\libgcc.a(_mul_sf.o)
 .debug_frame   0x00000080       0x20 d:/aya/downloads/eclipse/sdk_win_64/sdk_win_64/winavr/bin/../lib/gcc/avr/4.3.3/avr5\libgcc.a(_div_sf.o)
 .debug_frame   0x000000a0       0x20 d:/aya/downloads/eclipse/sdk_win_64/sdk_win_64/winavr/bin/../lib/gcc/avr/4.3.3/avr5\libgcc.a(_ne_sf.o)
 .debug_frame   0x000000c0       0x20 d:/aya/downloads/eclipse/sdk_win_64/sdk_win_64/winavr/bin/../lib/gcc/avr/4.3.3/avr5\libgcc.a(_gt_sf.o)
 .debug_frame   0x000000e0       0x20 d:/aya/downloads/eclipse/sdk_win_64/sdk_win_64/winavr/bin/../lib/gcc/avr/4.3.3/avr5\libgcc.a(_ge_sf.o)
 .debug_frame   0x00000100       0x20 d:/aya/downloads/eclipse/sdk_win_64/sdk_win_64/winavr/bin/../lib/gcc/avr/4.3.3/avr5\libgcc.a(_lt_sf.o)
 .debug_frame   0x00000120       0x20 d:/aya/downloads/eclipse/sdk_win_64/sdk_win_64/winavr/bin/../lib/gcc/avr/4.3.3/avr5\libgcc.a(_sf_to_si.o)
 .debug_frame   0x00000140       0x20 d:/aya/downloads/eclipse/sdk_win_64/sdk_win_64/winavr/bin/../lib/gcc/avr/4.3.3/avr5\libgcc.a(_usi_to_sf.o)
 .debug_frame   0x00000160       0x20 d:/aya/downloads/eclipse/sdk_win_64/sdk_win_64/winavr/bin/../lib/gcc/avr/4.3.3/avr5\libgcc.a(_clzsi2.o)
 .debug_frame   0x00000180       0x20 d:/aya/downloads/eclipse/sdk_win_64/sdk_win_64/winavr/bin/../lib/gcc/avr/4.3.3/avr5\libgcc.a(_pack_sf.o)
 .debug_frame   0x000001a0       0x20 d:/aya/downloads/eclipse/sdk_win_64/sdk_win_64/winavr/bin/../lib/gcc/avr/4.3.3/avr5\libgcc.a(_unpack_sf.o)
 .debug_frame   0x000001c0       0x20 d:/aya/downloads/eclipse/sdk_win_64/sdk_win_64/winavr/bin/../lib/gcc/avr/4.3.3/avr5\libgcc.a(_fpcmp_parts_sf.o)

.debug_str      0x00000000      0x2fe
 *(.debug_str)
 .debug_str     0x00000000       0xbf d:/aya/downloads/eclipse/sdk_win_64/sdk_win_64/winavr/bin/../lib/gcc/avr/4.3.3/avr5\libgcc.a(_fixunssfsi.o)
                                 0xfe (size before relaxing)
 .debug_str     0x000000bf      0x14d d:/aya/downloads/eclipse/sdk_win_64/sdk_win_64/winavr/bin/../lib/gcc/avr/4.3.3/avr5\libgcc.a(_addsub_sf.o)
                                0x206 (size before relaxing)
 .debug_str     0x0000020c       0x27 d:/aya/downloads/eclipse/sdk_win_64/sdk_win_64/winavr/bin/../lib/gcc/avr/4.3.3/avr5\libgcc.a(_mul_sf.o)
                                0x1bf (size before relaxing)
 .debug_str     0x00000233       0x35 d:/aya/downloads/eclipse/sdk_win_64/sdk_win_64/winavr/bin/../lib/gcc/avr/4.3.3/avr5\libgcc.a(_div_sf.o)
                                0x1c8 (size before relaxing)
 .debug_str     0x00000268        0x8 d:/aya/downloads/eclipse/sdk_win_64/sdk_win_64/winavr/bin/../lib/gcc/avr/4.3.3/avr5\libgcc.a(_ne_sf.o)
                                0x195 (size before relaxing)
 .debug_str     0x00000270        0x8 d:/aya/downloads/eclipse/sdk_win_64/sdk_win_64/winavr/bin/../lib/gcc/avr/4.3.3/avr5\libgcc.a(_gt_sf.o)
                                0x195 (size before relaxing)
 .debug_str     0x00000278        0x8 d:/aya/downloads/eclipse/sdk_win_64/sdk_win_64/winavr/bin/../lib/gcc/avr/4.3.3/avr5\libgcc.a(_ge_sf.o)
                                0x195 (size before relaxing)
 .debug_str     0x00000280        0x8 d:/aya/downloads/eclipse/sdk_win_64/sdk_win_64/winavr/bin/../lib/gcc/avr/4.3.3/avr5\libgcc.a(_lt_sf.o)
                                0x195 (size before relaxing)
 .debug_str     0x00000288        0xa d:/aya/downloads/eclipse/sdk_win_64/sdk_win_64/winavr/bin/../lib/gcc/avr/4.3.3/avr5\libgcc.a(_sf_to_si.o)
                                0x19e (size before relaxing)
 .debug_str     0x00000000      0x103 d:/aya/downloads/eclipse/sdk_win_64/sdk_win_64/winavr/bin/../lib/gcc/avr/4.3.3/avr5\libgcc.a(_thenan_sf.o)
 .debug_str     0x00000292       0x21 d:/aya/downloads/eclipse/sdk_win_64/sdk_win_64/winavr/bin/../lib/gcc/avr/4.3.3/avr5\libgcc.a(_usi_to_sf.o)
                                0x177 (size before relaxing)
 .debug_str     0x000002b3       0x20 d:/aya/downloads/eclipse/sdk_win_64/sdk_win_64/winavr/bin/../lib/gcc/avr/4.3.3/avr5\libgcc.a(_clzsi2.o)
                                0x111 (size before relaxing)
 .debug_str     0x000002d3       0x10 d:/aya/downloads/eclipse/sdk_win_64/sdk_win_64/winavr/bin/../lib/gcc/avr/4.3.3/avr5\libgcc.a(_pack_sf.o)
                                0x19d (size before relaxing)
 .debug_str     0x000002e3        0xb d:/aya/downloads/eclipse/sdk_win_64/sdk_win_64/winavr/bin/../lib/gcc/avr/4.3.3/avr5\libgcc.a(_unpack_sf.o)
                                0x17f (size before relaxing)
 .debug_str     0x000002ee       0x10 d:/aya/downloads/eclipse/sdk_win_64/sdk_win_64/winavr/bin/../lib/gcc/avr/4.3.3/avr5\libgcc.a(_fpcmp_parts_sf.o)
                                0x163 (size before relaxing)
 .debug_str     0x00000000       0xf4 d:/aya/downloads/eclipse/sdk_win_64/sdk_win_64/winavr/bin/../lib/gcc/avr/4.3.3/avr5\libgcc.a(_clz.o)

.debug_loc      0x00000000      0x9aa
 *(.debug_loc)
 .debug_loc     0x00000000       0x34 d:/aya/downloads/eclipse/sdk_win_64/sdk_win_64/winavr/bin/../lib/gcc/avr/4.3.3/avr5\libgcc.a(_fixunssfsi.o)
 .debug_loc     0x00000034      0x32a d:/aya/downloads/eclipse/sdk_win_64/sdk_win_64/winavr/bin/../lib/gcc/avr/4.3.3/avr5\libgcc.a(_addsub_sf.o)
 .debug_loc     0x0000035e      0x104 d:/aya/downloads/eclipse/sdk_win_64/sdk_win_64/winavr/bin/../lib/gcc/avr/4.3.3/avr5\libgcc.a(_mul_sf.o)
 .debug_loc     0x00000462       0xc0 d:/aya/downloads/eclipse/sdk_win_64/sdk_win_64/winavr/bin/../lib/gcc/avr/4.3.3/avr5\libgcc.a(_div_sf.o)
 .debug_loc     0x00000522       0x3c d:/aya/downloads/eclipse/sdk_win_64/sdk_win_64/winavr/bin/../lib/gcc/avr/4.3.3/avr5\libgcc.a(_ne_sf.o)
 .debug_loc     0x0000055e       0x3c d:/aya/downloads/eclipse/sdk_win_64/sdk_win_64/winavr/bin/../lib/gcc/avr/4.3.3/avr5\libgcc.a(_gt_sf.o)
 .debug_loc     0x0000059a       0x3c d:/aya/downloads/eclipse/sdk_win_64/sdk_win_64/winavr/bin/../lib/gcc/avr/4.3.3/avr5\libgcc.a(_ge_sf.o)
 .debug_loc     0x000005d6       0x3c d:/aya/downloads/eclipse/sdk_win_64/sdk_win_64/winavr/bin/../lib/gcc/avr/4.3.3/avr5\libgcc.a(_lt_sf.o)
 .debug_loc     0x00000612       0x7e d:/aya/downloads/eclipse/sdk_win_64/sdk_win_64/winavr/bin/../lib/gcc/avr/4.3.3/avr5\libgcc.a(_sf_to_si.o)
 .debug_loc     0x00000690       0x4c d:/aya/downloads/eclipse/sdk_win_64/sdk_win_64/winavr/bin/../lib/gcc/avr/4.3.3/avr5\libgcc.a(_usi_to_sf.o)
 .debug_loc     0x000006dc       0x94 d:/aya/downloads/eclipse/sdk_win_64/sdk_win_64/winavr/bin/../lib/gcc/avr/4.3.3/avr5\libgcc.a(_clzsi2.o)
 .debug_loc     0x00000770      0x13e d:/aya/downloads/eclipse/sdk_win_64/sdk_win_64/winavr/bin/../lib/gcc/avr/4.3.3/avr5\libgcc.a(_pack_sf.o)
 .debug_loc     0x000008ae       0xac d:/aya/downloads/eclipse/sdk_win_64/sdk_win_64/winavr/bin/../lib/gcc/avr/4.3.3/avr5\libgcc.a(_unpack_sf.o)
 .debug_loc     0x0000095a       0x50 d:/aya/downloads/eclipse/sdk_win_64/sdk_win_64/winavr/bin/../lib/gcc/avr/4.3.3/avr5\libgcc.a(_fpcmp_parts_sf.o)

.debug_macinfo
 *(.debug_macinfo)
OUTPUT(TIMER.elf elf32-avr)
LOAD linker stubs

.debug_ranges   0x00000000       0x50
 .debug_ranges  0x00000000       0x50 d:/aya/downloads/eclipse/sdk_win_64/sdk_win_64/winavr/bin/../lib/gcc/avr/4.3.3/avr5\libgcc.a(_mul_sf.o)
